[2026-05-22 15:00:05] GMRT 40_014 calibration workflow start
[2026-05-22 15:00:05] cwd=/Users/raj030/github-wasimraja81/gmrt_analysis
[2026-05-22 15:00:05] chain_log=/Users/raj030/DATA/gmrt_40_014/work/logs/run_gmrt_40_014_calibration_workflow_20260522_150005.log
[2026-05-22 15:00:05] INVOCATION PROVENANCE (effective values)
[2026-05-22 15:00:05]   FORCE_FROM_STEP=17
[2026-05-22 15:00:05]   RUN_ID=20260522_150005_p15957_r25461
[2026-05-22 15:00:05]   SMART_RESUME=1
[2026-05-22 15:00:05]   RUN_CLEAN_STAGE=0
[2026-05-22 15:00:05]   RUN_3C468_SELFCAL_STAGE=0
[2026-05-22 15:00:05]   RUN_3C468_SCAN_TAGS=1 2 3 4 5 6 7 8 9
[2026-05-22 15:00:05]   RUN_3C468_POSTSELFCAL_ARTIFACTS=1
[2026-05-22 15:00:05]   RUN_MOON_SELFCAL_STAGE=0
[2026-05-22 15:00:05]   RUN_MOON_POSTSELFCAL_ARTIFACTS=0
[2026-05-22 15:00:05]   STACK_SIZE=<unset>
[2026-05-22 15:00:05]   NO_MASK=<unset>
[2026-05-22 15:00:05]   MASK_RADIUS_ARCMIN=<unset>
[2026-05-22 15:00:05]   PYTHON_CMD=<unset>
[2026-05-22 15:00:05]   NITER_PER_CYCLE=<unset>
[2026-05-22 15:00:05]   NITER_FINAL=<unset>
[2026-05-22 15:00:05] SMART_RESUME: executing strict downstream rerun from step 17
[2026-05-22 15:00:05] SMART_RESUME: skipping clean step to preserve existing products
[2026-05-22 15:00:05] INFO: optional moon selfcal stage disabled (RUN_MOON_SELFCAL_STAGE=0)
[2026-05-22 15:00:05] WARNING: optional moon trajectory step skipped; MS not found: /Users/raj030/DATA/gmrt_40_014/work/casa_selfcal/moon0520_dev/moon0520_full.ms
[2026-05-22 15:00:05] WARNING: continuing workflow so pre-selfcal products remain publishable
[2026-05-22 15:00:05] INFO: optional moon post-selfcal artifacts step disabled (RUN_MOON_POSTSELFCAL_ARTIFACTS=0)
[2026-05-22 15:00:05] INFO: optional 3C468.1 selfcal stage disabled (RUN_3C468_SELFCAL_STAGE=0)
[2026-05-22 15:00:05] STEP 17 START (optional): 3C468.1 post-selfcal artifacts (stack + movie + RMS)
[2026-05-22 15:00:05] COMMAND: env WORK_SELFCAL_ROOT=/Users/raj030/DATA/gmrt_40_014/work/casa_selfcal RUN_ID=20260522_150005_p15957_r25461 SELFCAL_GLOB=3c468.1_scan*_stk* bash /Users/raj030/github-wasimraja81/gmrt_analysis/bin/run_3c468.1_post_selfcal_artifacts.sh
[3c468.1-post] python            : /Users/raj030/github-wasimraja81/gmrt_analysis/gmrt/bin/python
[3c468.1-post] selfcal root       : /Users/raj030/DATA/gmrt_40_014/work/casa_selfcal
[3c468.1-post] selfcal glob       : 3c468.1_scan*_stk*
[3c468.1-post] run id            : 20260522_150005_p15957_r25461
[3c468.1-post] force rebuild      : 0
[3c468.1-post] --- processing: /Users/raj030/DATA/gmrt_40_014/work/casa_selfcal/3c468.1_scan05_stk1
[3c468.1-post] SKIP movie (already exists): /Users/raj030/DATA/gmrt_40_014/work/casa_selfcal/3c468.1_scan05_stk1/3c468.1_selfcal_movie.mp4
[3c468.1-post] SKIP stack (already exists): /Users/raj030/DATA/gmrt_40_014/work/casa_selfcal/3c468.1_scan05_stk1/3c468.1_stack_mean.fits
[3c468.1-post] SKIP RMS progression (already exists): /Users/raj030/DATA/gmrt_40_014/work/casa_selfcal/3c468.1_scan05_stk1/3c468.1_cumulative_rms_evolution.png
[3c468.1-diag] no rows matched requested selection
[3c468.1-post] WARNING: diagnostics unavailable for 3c468.1_scan05_stk1 with run-id 20260522_150005_p15957_r25461; continuing
[3c468.1-post] --- processing: /Users/raj030/DATA/gmrt_40_014/work/casa_selfcal/3c468.1_scan06_stk1
[run-moon-selfcal-movie] cmd       : /Users/raj030/DATA/gmrt_40_014/work/logs/run_moon_selfcal_movie_3c468.1_20260522_150008.cmd
[run-moon-selfcal-movie] log       : /Users/raj030/DATA/gmrt_40_014/work/logs/run_moon_selfcal_movie_3c468.1_20260522_150008.log
[run-moon-selfcal-movie] selfcal   : /Users/raj030/DATA/gmrt_40_014/work/casa_selfcal/3c468.1_scan06_stk1
[run-moon-selfcal-movie] compare   : <none>
[run-moon-selfcal-movie] out_mp4   : /Users/raj030/DATA/gmrt_40_014/work/casa_selfcal/3c468.1_scan06_stk1/3c468.1_selfcal_movie.mp4
[run-moon-selfcal-movie] out_gif   : /Users/raj030/DATA/gmrt_40_014/work/casa_selfcal/3c468.1_scan06_stk1/3c468.1_selfcal_movie.gif
[run-moon-selfcal-movie] out_mov   : /Users/raj030/DATA/gmrt_40_014/work/casa_selfcal/3c468.1_scan06_stk1/3c468.1_selfcal_movie.mov
ffmpeg version 7.1.1 Copyright (c) 2000-2025 the FFmpeg developers
  built with Apple clang version 16.0.0 (clang-1600.0.26.6)
  configuration: --prefix=/opt/homebrew/Cellar/ffmpeg/7.1.1_1 --enable-shared --enable-pthreads --enable-version3 --cc=clang --host-cflags= --host-ldflags='-Wl,-ld_classic' --enable-ffplay --enable-gnutls --enable-gpl --enable-libaom --enable-libaribb24 --enable-libbluray --enable-libdav1d --enable-libharfbuzz --enable-libjxl --enable-libmp3lame --enable-libopus --enable-librav1e --enable-librist --enable-librubberband --enable-libsnappy --enable-libsrt --enable-libssh --enable-libsvtav1 --enable-libtesseract --enable-libtheora --enable-libvidstab --enable-libvmaf --enable-libvorbis --enable-libvpx --enable-libwebp --enable-libx264 --enable-libx265 --enable-libxml2 --enable-libxvid --enable-lzma --enable-libfontconfig --enable-libfreetype --enable-frei0r --enable-libass --enable-libopencore-amrnb --enable-libopencore-amrwb --enable-libopenjpeg --enable-libspeex --enable-libsoxr --enable-libzmq --enable-libzimg --disable-libjack --disable-indev=jack --enable-videotoolbox --enable-audiotoolbox --enable-neon
  libavutil      59. 39.100 / 59. 39.100
  libavcodec     61. 19.101 / 61. 19.101
  libavformat    61.  7.100 / 61.  7.100
  libavdevice    61.  3.100 / 61.  3.100
  libavfilter    10.  4.100 / 10.  4.100
  libswscale      8.  3.100 /  8.  3.100
  libswresample   5.  3.100 /  5.  3.100
  libpostproc    58.  3.100 / 58.  3.100
Input #0, image2, from '/Users/raj030/DATA/gmrt_40_014/work/casa_selfcal/3c468.1_scan06_stk1/movie_frames/frame_%04d.png':
  Duration: 00:00:09.75, start: 0.000000, bitrate: N/A
  Stream #0:0: Video: png, rgba(pc, gbr/unknown/unknown), 720x720 [SAR 4724:4724 DAR 1:1], 4 fps, 4 tbr, 4 tbn
Stream mapping:
  Stream #0:0 -> #0:0 (png (native) -> h264 (libx264))
Press [q] to stop, [?] for help
[libx264 @ 0x138006020] using SAR=1/1
[libx264 @ 0x138006020] using cpu capabilities: ARMv8 NEON
[libx264 @ 0x138006020] profile High, level 3.1, 4:2:0, 8-bit
[libx264 @ 0x138006020] 264 - core 164 r3108 31e19f9 - H.264/MPEG-4 AVC codec - Copyleft 2003-2023 - http://www.videolan.org/x264.html - options: cabac=1 ref=3 deblock=1:0:0 analyse=0x3:0x113 me=hex subme=7 psy=1 psy_rd=1.00:0.00 mixed_ref=1 me_range=16 chroma_me=1 trellis=1 8x8dct=1 cqm=0 deadzone=21,11 fast_pskip=1 chroma_qp_offset=-2 threads=21 lookahead_threads=3 sliced_threads=0 nr=0 decimate=1 interlaced=0 bluray_compat=0 constrained_intra=0 bframes=3 b_pyramid=2 b_adapt=1 b_bias=0 direct=1 weightb=1 open_gop=0 weightp=2 keyint=250 keyint_min=4 scenecut=40 intra_refresh=0 rc_lookahead=40 rc=crf mbtree=1 crf=23.0 qcomp=0.60 qpmin=0 qpmax=69 qpstep=4 ip_ratio=1.40 aq=1:1.00
Output #0, mp4, to '/Users/raj030/DATA/gmrt_40_014/work/casa_selfcal/3c468.1_scan06_stk1/3c468.1_selfcal_movie.mp4':
  Metadata:
    encoder         : Lavf61.7.100
  Stream #0:0: Video: h264 (avc1 / 0x31637661), yuv420p(tv, progressive), 720x720 [SAR 1:1 DAR 1:1], q=2-31, 4 fps, 16384 tbn
      Metadata:
        encoder         : Lavc61.19.101 libx264
      Side data:
        cpb: bitrate max/min/avg: 0/0/0 buffer size: 0 vbv_delay: N/A
[out#0/mp4 @ 0x138004800] video:1762KiB audio:0KiB subtitle:0KiB other streams:0KiB global headers:0KiB muxing overhead: 0.075392%
frame=   39 fps=0.0 q=-1.0 Lsize=    1763KiB time=00:00:09.25 bitrate=1561.3kbits/s speed=57.8x    
[libx264 @ 0x138006020] frame I:1     Avg QP:15.85  size: 86130
[libx264 @ 0x138006020] frame P:10    Avg QP:20.20  size: 62966
[libx264 @ 0x138006020] frame B:28    Avg QP:22.95  size: 38836
[libx264 @ 0x138006020] consecutive B-frames:  2.6%  5.1%  0.0% 92.3%
[libx264 @ 0x138006020] mb I  I16..4: 32.7% 37.7% 29.5%
[libx264 @ 0x138006020] mb P  I16..4:  0.3% 12.3%  4.2%  P16..4:  8.4% 16.5% 19.1%  0.0%  0.0%    skip:39.2%
[libx264 @ 0x138006020] mb B  I16..4:  0.2%  1.6%  0.6%  B16..8: 13.4% 13.5% 14.0%  direct:16.4%  skip:40.3%  L0:32.2% L1:25.1% BI:42.7%
[libx264 @ 0x138006020] 8x8 transform intra:61.4% inter:75.6%
[libx264 @ 0x138006020] coded y,uvDC,uvAC intra: 82.5% 82.9% 82.7% inter: 53.2% 53.8% 51.2%
[libx264 @ 0x138006020] i16 v,h,dc,p: 91%  3%  6%  0%
[libx264 @ 0x138006020] i8 v,h,dc,ddl,ddr,vr,hd,vl,hu: 14%  7% 11%  1% 39%  8% 12%  2%  5%
[libx264 @ 0x138006020] i4 v,h,dc,ddl,ddr,vr,hd,vl,hu: 15% 11%  7%  3% 27% 13% 14%  4%  5%
[libx264 @ 0x138006020] i8c dc,h,v,p: 63% 11% 16% 10%
[libx264 @ 0x138006020] Weighted P-Frames: Y:0.0% UV:0.0%
[libx264 @ 0x138006020] ref P L0: 38.9% 18.9% 26.5% 15.6%
[libx264 @ 0x138006020] ref B L0: 81.2% 14.3%  4.5%
[libx264 @ 0x138006020] ref B L1: 95.2%  4.8%
[libx264 @ 0x138006020] kb/s:1479.56
ffmpeg version 7.1.1 Copyright (c) 2000-2025 the FFmpeg developers
  built with Apple clang version 16.0.0 (clang-1600.0.26.6)
  configuration: --prefix=/opt/homebrew/Cellar/ffmpeg/7.1.1_1 --enable-shared --enable-pthreads --enable-version3 --cc=clang --host-cflags= --host-ldflags='-Wl,-ld_classic' --enable-ffplay --enable-gnutls --enable-gpl --enable-libaom --enable-libaribb24 --enable-libbluray --enable-libdav1d --enable-libharfbuzz --enable-libjxl --enable-libmp3lame --enable-libopus --enable-librav1e --enable-librist --enable-librubberband --enable-libsnappy --enable-libsrt --enable-libssh --enable-libsvtav1 --enable-libtesseract --enable-libtheora --enable-libvidstab --enable-libvmaf --enable-libvorbis --enable-libvpx --enable-libwebp --enable-libx264 --enable-libx265 --enable-libxml2 --enable-libxvid --enable-lzma --enable-libfontconfig --enable-libfreetype --enable-frei0r --enable-libass --enable-libopencore-amrnb --enable-libopencore-amrwb --enable-libopenjpeg --enable-libspeex --enable-libsoxr --enable-libzmq --enable-libzimg --disable-libjack --disable-indev=jack --enable-videotoolbox --enable-audiotoolbox --enable-neon
  libavutil      59. 39.100 / 59. 39.100
  libavcodec     61. 19.101 / 61. 19.101
  libavformat    61.  7.100 / 61.  7.100
  libavdevice    61.  3.100 / 61.  3.100
  libavfilter    10.  4.100 / 10.  4.100
  libswscale      8.  3.100 /  8.  3.100
  libswresample   5.  3.100 /  5.  3.100
  libpostproc    58.  3.100 / 58.  3.100
Input #0, image2, from '/Users/raj030/DATA/gmrt_40_014/work/casa_selfcal/3c468.1_scan06_stk1/movie_frames/frame_%04d.png':
  Duration: 00:00:09.75, start: 0.000000, bitrate: N/A
  Stream #0:0: Video: png, rgba(pc, gbr/unknown/unknown), 720x720 [SAR 4724:4724 DAR 1:1], 4 fps, 4 tbr, 4 tbn
Stream mapping:
  Stream #0:0 -> #0:0 (png (native) -> png (native))
Press [q] to stop, [?] for help
[Parsed_palettegen_1 @ 0x157804c10] 255(+1) colors generated out of 53357 colors; ratio=0.004779
[Parsed_palettegen_1 @ 0x157804c10] Duped color: FF0A0722
[Parsed_palettegen_1 @ 0x157804c10] Duped color: FF100B2D
[Parsed_palettegen_1 @ 0x157804c10] Duped color: FF241152
[Parsed_palettegen_1 @ 0x157804c10] Duped color: FF2A115B
[Parsed_palettegen_1 @ 0x157804c10] Duped color: FF351067
Output #0, image2, to '/Users/raj030/DATA/gmrt_40_014/work/casa_selfcal/3c468.1_scan06_stk1/movie_frames/palette.png':
  Metadata:
    encoder         : Lavf61.7.100
  Stream #0:0: Video: png, rgba(pc, gbr/unknown/unknown, progressive), 16x16 [SAR 1:1 DAR 1:1], q=2-31, 200 kb/s, 4 fps, 4 tbn
      Metadata:
        encoder         : Lavc61.19.101 png
[image2 @ 0x156f07250] The specified filename '/Users/raj030/DATA/gmrt_40_014/work/casa_selfcal/3c468.1_scan06_stk1/movie_frames/palette.png' does not contain an image sequence pattern or a pattern is invalid.
[image2 @ 0x156f07250] Use a pattern such as %03d for an image sequence or use the -update option (with -frames:v 1 if needed) to write a single image.
[out#0/image2 @ 0x156f088b0] video:1KiB audio:0KiB subtitle:0KiB other streams:0KiB global headers:0KiB muxing overhead: unknown
frame=    1 fps=0.0 q=-0.0 Lsize=N/A time=00:00:00.25 bitrate=N/A speed= 3.5x    
ffmpeg version 7.1.1 Copyright (c) 2000-2025 the FFmpeg developers
  built with Apple clang version 16.0.0 (clang-1600.0.26.6)
  configuration: --prefix=/opt/homebrew/Cellar/ffmpeg/7.1.1_1 --enable-shared --enable-pthreads --enable-version3 --cc=clang --host-cflags= --host-ldflags='-Wl,-ld_classic' --enable-ffplay --enable-gnutls --enable-gpl --enable-libaom --enable-libaribb24 --enable-libbluray --enable-libdav1d --enable-libharfbuzz --enable-libjxl --enable-libmp3lame --enable-libopus --enable-librav1e --enable-librist --enable-librubberband --enable-libsnappy --enable-libsrt --enable-libssh --enable-libsvtav1 --enable-libtesseract --enable-libtheora --enable-libvidstab --enable-libvmaf --enable-libvorbis --enable-libvpx --enable-libwebp --enable-libx264 --enable-libx265 --enable-libxml2 --enable-libxvid --enable-lzma --enable-libfontconfig --enable-libfreetype --enable-frei0r --enable-libass --enable-libopencore-amrnb --enable-libopencore-amrwb --enable-libopenjpeg --enable-libspeex --enable-libsoxr --enable-libzmq --enable-libzimg --disable-libjack --disable-indev=jack --enable-videotoolbox --enable-audiotoolbox --enable-neon
  libavutil      59. 39.100 / 59. 39.100
  libavcodec     61. 19.101 / 61. 19.101
  libavformat    61.  7.100 / 61.  7.100
  libavdevice    61.  3.100 / 61.  3.100
  libavfilter    10.  4.100 / 10.  4.100
  libswscale      8.  3.100 /  8.  3.100
  libswresample   5.  3.100 /  5.  3.100
  libpostproc    58.  3.100 / 58.  3.100
Input #0, image2, from '/Users/raj030/DATA/gmrt_40_014/work/casa_selfcal/3c468.1_scan06_stk1/movie_frames/frame_%04d.png':
  Duration: 00:00:09.75, start: 0.000000, bitrate: N/A
  Stream #0:0: Video: png, rgba(pc, gbr/unknown/unknown), 720x720 [SAR 4724:4724 DAR 1:1], 4 fps, 4 tbr, 4 tbn
Input #1, png_pipe, from '/Users/raj030/DATA/gmrt_40_014/work/casa_selfcal/3c468.1_scan06_stk1/movie_frames/palette.png':
  Duration: N/A, bitrate: N/A
  Stream #1:0: Video: png, rgba(pc, gbr/unknown/unknown), 16x16 [SAR 1:1 DAR 1:1], 25 fps, 25 tbr, 25 tbn
Stream mapping:
  Stream #0:0 (png) -> fps:default
  Stream #1:0 (png) -> paletteuse
  paletteuse:default -> Stream #0:0 (gif)
Press [q] to stop, [?] for help
Output #0, gif, to '/Users/raj030/DATA/gmrt_40_014/work/casa_selfcal/3c468.1_scan06_stk1/3c468.1_selfcal_movie.gif':
  Metadata:
    encoder         : Lavf61.7.100
  Stream #0:0: Video: gif, pal8(pc, gbr/unknown/unknown, progressive), 720x720 [SAR 1:1 DAR 1:1], q=2-31, 200 kb/s, 4 fps, 100 tbn
      Metadata:
        encoder         : Lavc61.19.101 gif
[out#0/gif @ 0x144004860] video:10919KiB audio:0KiB subtitle:0KiB other streams:0KiB global headers:0KiB muxing overhead: 0.000179%
frame=   39 fps=0.0 q=-0.0 Lsize=   10919KiB time=00:00:09.75 bitrate=9174.6kbits/s speed=  24x    
ffmpeg version 7.1.1 Copyright (c) 2000-2025 the FFmpeg developers
  built with Apple clang version 16.0.0 (clang-1600.0.26.6)
  configuration: --prefix=/opt/homebrew/Cellar/ffmpeg/7.1.1_1 --enable-shared --enable-pthreads --enable-version3 --cc=clang --host-cflags= --host-ldflags='-Wl,-ld_classic' --enable-ffplay --enable-gnutls --enable-gpl --enable-libaom --enable-libaribb24 --enable-libbluray --enable-libdav1d --enable-libharfbuzz --enable-libjxl --enable-libmp3lame --enable-libopus --enable-librav1e --enable-librist --enable-librubberband --enable-libsnappy --enable-libsrt --enable-libssh --enable-libsvtav1 --enable-libtesseract --enable-libtheora --enable-libvidstab --enable-libvmaf --enable-libvorbis --enable-libvpx --enable-libwebp --enable-libx264 --enable-libx265 --enable-libxml2 --enable-libxvid --enable-lzma --enable-libfontconfig --enable-libfreetype --enable-frei0r --enable-libass --enable-libopencore-amrnb --enable-libopencore-amrwb --enable-libopenjpeg --enable-libspeex --enable-libsoxr --enable-libzmq --enable-libzimg --disable-libjack --disable-indev=jack --enable-videotoolbox --enable-audiotoolbox --enable-neon
  libavutil      59. 39.100 / 59. 39.100
  libavcodec     61. 19.101 / 61. 19.101
  libavformat    61.  7.100 / 61.  7.100
  libavdevice    61.  3.100 / 61.  3.100
  libavfilter    10.  4.100 / 10.  4.100
  libswscale      8.  3.100 /  8.  3.100
  libswresample   5.  3.100 /  5.  3.100
  libpostproc    58.  3.100 / 58.  3.100
Input #0, image2, from '/Users/raj030/DATA/gmrt_40_014/work/casa_selfcal/3c468.1_scan06_stk1/movie_frames/frame_%04d.png':
  Duration: 00:00:09.75, start: 0.000000, bitrate: N/A
  Stream #0:0: Video: png, rgba(pc, gbr/unknown/unknown), 720x720 [SAR 4724:4724 DAR 1:1], 4 fps, 4 tbr, 4 tbn
Stream mapping:
  Stream #0:0 -> #0:0 (png (native) -> prores (prores_ks))
Press [q] to stop, [?] for help
Output #0, mov, to '/Users/raj030/DATA/gmrt_40_014/work/casa_selfcal/3c468.1_scan06_stk1/3c468.1_selfcal_movie.mov':
  Metadata:
    encoder         : Lavf61.7.100
  Stream #0:0: Video: prores (HQ) (apch / 0x68637061), yuv422p10le(tv, progressive), 720x720 [SAR 1:1 DAR 1:1], q=2-31, 200 kb/s, 4 fps, 16384 tbn
      Metadata:
        encoder         : Lavc61.19.101 prores_ks
[out#0/mov @ 0x122635cc0] video:8666KiB audio:0KiB subtitle:0KiB other streams:0KiB global headers:0KiB muxing overhead: 0.010649%
frame=   39 fps=0.0 q=-0.0 Lsize=    8667KiB time=00:00:09.75 bitrate=7281.9kbits/s speed=65.7x    
[moon-selfcal-movie] selfcal_dir : /Users/raj030/DATA/gmrt_40_014/work/casa_selfcal/3c468.1_scan06_stk1
[moon-selfcal-movie] frames     : 39
[moon-selfcal-movie] frames_dir : /Users/raj030/DATA/gmrt_40_014/work/casa_selfcal/3c468.1_scan06_stk1/movie_frames
[moon-selfcal-movie] scale      : vmin=-0.00865789, vmax=0.0318259
[moon-selfcal-movie] out_mp4    : /Users/raj030/DATA/gmrt_40_014/work/casa_selfcal/3c468.1_scan06_stk1/3c468.1_selfcal_movie.mp4
[moon-selfcal-movie] out_gif    : /Users/raj030/DATA/gmrt_40_014/work/casa_selfcal/3c468.1_scan06_stk1/3c468.1_selfcal_movie.gif
[moon-selfcal-movie] out_mov    : /Users/raj030/DATA/gmrt_40_014/work/casa_selfcal/3c468.1_scan06_stk1/3c468.1_selfcal_movie.mov
[moon-selfcal-movie] done. duration≈9.75s

Log: /Users/raj030/DATA/gmrt_40_014/work/logs/run_moon_selfcal_movie_3c468.1_20260522_150008.log
Cmd: /Users/raj030/DATA/gmrt_40_014/work/logs/run_moon_selfcal_movie_3c468.1_20260522_150008.cmd
Movie MP4: /Users/raj030/DATA/gmrt_40_014/work/casa_selfcal/3c468.1_scan06_stk1/3c468.1_selfcal_movie.mp4
Movie GIF: /Users/raj030/DATA/gmrt_40_014/work/casa_selfcal/3c468.1_scan06_stk1/3c468.1_selfcal_movie.gif
Movie MOV: /Users/raj030/DATA/gmrt_40_014/work/casa_selfcal/3c468.1_scan06_stk1/3c468.1_selfcal_movie.mov
[provenance] cmd: /Users/raj030/github-wasimraja81/gmrt_analysis/provenance_logs/run_stack_moon_snapshots_3c468.1_stack_mean_20260522_150015.cmd
[provenance] log: /Users/raj030/github-wasimraja81/gmrt_analysis/provenance_logs/run_stack_moon_snapshots_3c468.1_stack_mean_20260522_150015.log
[stack] Found 39 FITS files under /Users/raj030/DATA/gmrt_40_014/work/casa_selfcal/3c468.1_scan06_stk1
[stack] Reference stack from mean JD: [19] 3c468p1_int0187_final.fits (JD=2459421.39699310, mean=2459421.39699311)
[stack] Registration mode: none
[stack] Registration method: <none> (no image shifts will be applied)
[stack] Shift table values are fixed to 0.0 pix (direct co-add mode).
[stack] Shift conversion: 1 pix = 1.5000 arcsec

   #  file                                             dr_pix    dc_pix   dr_arcsec   dc_arcsec  r_arcmin
------------------------------------------------------------------------------------------------------------------
   0  3c468p1_int0168_final.fits                        0.000     0.000       0.000       0.000     0.000
   1  3c468p1_int0169_final.fits                        0.000     0.000       0.000       0.000     0.000
   2  3c468p1_int0170_final.fits                        0.000     0.000       0.000       0.000     0.000
   3  3c468p1_int0171_final.fits                        0.000     0.000       0.000       0.000     0.000
   4  3c468p1_int0172_final.fits                        0.000     0.000       0.000       0.000     0.000
   5  3c468p1_int0173_final.fits                        0.000     0.000       0.000       0.000     0.000
   6  3c468p1_int0174_final.fits                        0.000     0.000       0.000       0.000     0.000
   7  3c468p1_int0175_final.fits                        0.000     0.000       0.000       0.000     0.000
   8  3c468p1_int0176_final.fits                        0.000     0.000       0.000       0.000     0.000
   9  3c468p1_int0177_final.fits                        0.000     0.000       0.000       0.000     0.000
  10  3c468p1_int0178_final.fits                        0.000     0.000       0.000       0.000     0.000
  11  3c468p1_int0179_final.fits                        0.000     0.000       0.000       0.000     0.000
  12  3c468p1_int0180_final.fits                        0.000     0.000       0.000       0.000     0.000
  13  3c468p1_int0181_final.fits                        0.000     0.000       0.000       0.000     0.000
  14  3c468p1_int0182_final.fits                        0.000     0.000       0.000       0.000     0.000
  15  3c468p1_int0183_final.fits                        0.000     0.000       0.000       0.000     0.000
  16  3c468p1_int0184_final.fits                        0.000     0.000       0.000       0.000     0.000
  17  3c468p1_int0185_final.fits                        0.000     0.000       0.000       0.000     0.000
  18  3c468p1_int0186_final.fits                        0.000     0.000       0.000       0.000     0.000
  19  3c468p1_int0187_final.fits                        0.000     0.000       0.000       0.000     0.000
  20  3c468p1_int0188_final.fits                        0.000     0.000       0.000       0.000     0.000
  21  3c468p1_int0189_final.fits                        0.000     0.000       0.000       0.000     0.000
  22  3c468p1_int0190_final.fits                        0.000     0.000       0.000       0.000     0.000
  23  3c468p1_int0191_final.fits                        0.000     0.000       0.000       0.000     0.000
  24  3c468p1_int0192_final.fits                        0.000     0.000       0.000       0.000     0.000
  25  3c468p1_int0193_final.fits                        0.000     0.000       0.000       0.000     0.000
  26  3c468p1_int0194_final.fits                        0.000     0.000       0.000       0.000     0.000
  27  3c468p1_int0195_final.fits                        0.000     0.000       0.000       0.000     0.000
  28  3c468p1_int0196_final.fits                        0.000     0.000       0.000       0.000     0.000
  29  3c468p1_int0197_final.fits                        0.000     0.000       0.000       0.000     0.000
  30  3c468p1_int0198_final.fits                        0.000     0.000       0.000       0.000     0.000
  31  3c468p1_int0199_final.fits                        0.000     0.000       0.000       0.000     0.000
  32  3c468p1_int0200_final.fits                        0.000     0.000       0.000       0.000     0.000
  33  3c468p1_int0201_final.fits                        0.000     0.000       0.000       0.000     0.000
  34  3c468p1_int0202_final.fits                        0.000     0.000       0.000       0.000     0.000
  35  3c468p1_int0203_final.fits                        0.000     0.000       0.000       0.000     0.000
  36  3c468p1_int0204_final.fits                        0.000     0.000       0.000       0.000     0.000
  37  3c468p1_int0205_final.fits                        0.000     0.000       0.000       0.000     0.000
  38  3c468p1_int0206_final.fits                        0.000     0.000       0.000       0.000     0.000

[stack] Stacked 39 images using mean.
[stack] Result shape: (1024, 1024)   peak=20.5660  rms=0.0971
[stack] Written: /Users/raj030/DATA/gmrt_40_014/work/casa_selfcal/3c468.1_scan06_stk1/3c468.1_stack_mean.fits
[stack] Saved preview PNG: /Users/raj030/DATA/gmrt_40_014/work/casa_selfcal/3c468.1_scan06_stk1/3c468.1_stack_mean.png
[3c468.1-rms] ffmpeg version 7.1.1 Copyright (c) 2000-2025 the FFmpeg developers
[3c468.1-rms]   built with Apple clang version 16.0.0 (clang-1600.0.26.6)
[3c468.1-rms]   configuration: --prefix=/opt/homebrew/Cellar/ffmpeg/7.1.1_1 --enable-shared --enable-pthreads --enable-version3 --cc=clang --host-cflags= --host-ldflags='-Wl,-ld_classic' --enable-ffplay --enable-gnutls --enable-gpl --enable-libaom --enable-libaribb24 --enable-libbluray --enable-libdav1d --enable-libharfbuzz --enable-libjxl --enable-libmp3lame --enable-libopus --enable-librav1e --enable-librist --enable-librubberband --enable-libsnappy --enable-libsrt --enable-libssh --enable-libsvtav1 --enable-libtesseract --enable-libtheora --enable-libvidstab --enable-libvmaf --enable-libvorbis --enable-libvpx --enable-libwebp --enable-libx264 --enable-libx265 --enable-libxml2 --enable-libxvid --enable-lzma --enable-libfontconfig --enable-libfreetype --enable-frei0r --enable-libass --enable-libopencore-amrnb --enable-libopencore-amrwb --enable-libopenjpeg --enable-libspeex --enable-libsoxr --enable-libzmq --enable-libzimg --disable-libjack --disable-indev=jack --enable-videotoolbox --enable-audiotoolbox --enable-neon
[3c468.1-rms]   libavutil      59. 39.100 / 59. 39.100
[3c468.1-rms]   libavcodec     61. 19.101 / 61. 19.101
[3c468.1-rms]   libavformat    61.  7.100 / 61.  7.100
[3c468.1-rms]   libavdevice    61.  3.100 / 61.  3.100
[3c468.1-rms]   libavfilter    10.  4.100 / 10.  4.100
[3c468.1-rms]   libswscale      8.  3.100 /  8.  3.100
[3c468.1-rms]   libswresample   5.  3.100 /  5.  3.100
[3c468.1-rms]   libpostproc    58.  3.100 / 58.  3.100
[3c468.1-rms] Input #0, image2, from '/Users/raj030/DATA/gmrt_40_014/work/casa_selfcal/3c468.1_scan06_stk1/cumulative_frames/frame_%04d.png':
[3c468.1-rms]   Duration: 00:00:09.75, start: 0.000000, bitrate: N/A
[3c468.1-rms]   Stream #0:0: Video: png, rgba(pc, gbr/unknown/unknown), 864x864 [SAR 4724:4724 DAR 1:1], 4 fps, 4 tbr, 4 tbn
[3c468.1-rms] Stream mapping:
[3c468.1-rms]   Stream #0:0 -> #0:0 (png (native) -> h264 (libx264))
[3c468.1-rms] Press [q] to stop, [?] for help
[3c468.1-rms] [libx264 @ 0x1492059a0] using SAR=1/1
[3c468.1-rms] [libx264 @ 0x1492059a0] using cpu capabilities: ARMv8 NEON
[3c468.1-rms] [libx264 @ 0x1492059a0] profile High, level 3.1, 4:2:0, 8-bit
[3c468.1-rms] [libx264 @ 0x1492059a0] 264 - core 164 r3108 31e19f9 - H.264/MPEG-4 AVC codec - Copyleft 2003-2023 - http://www.videolan.org/x264.html - options: cabac=1 ref=3 deblock=1:0:0 analyse=0x3:0x113 me=hex subme=7 psy=1 psy_rd=1.00:0.00 mixed_ref=1 me_range=16 chroma_me=1 trellis=1 8x8dct=1 cqm=0 deadzone=21,11 fast_pskip=1 chroma_qp_offset=-2 threads=21 lookahead_threads=3 sliced_threads=0 nr=0 decimate=1 interlaced=0 bluray_compat=0 constrained_intra=0 bframes=3 b_pyramid=2 b_adapt=1 b_bias=0 direct=1 weightb=1 open_gop=0 weightp=2 keyint=250 keyint_min=4 scenecut=40 intra_refresh=0 rc_lookahead=40 rc=crf mbtree=1 crf=23.0 qcomp=0.60 qpmin=0 qpmax=69 qpstep=4 ip_ratio=1.40 aq=1:1.00
[3c468.1-rms] Output #0, mp4, to '/Users/raj030/DATA/gmrt_40_014/work/casa_selfcal/3c468.1_scan06_stk1/3c468.1_scan06_stk1_cumulative_coadd.mp4':
[3c468.1-rms]   Metadata:
[3c468.1-rms]     encoder         : Lavf61.7.100
[3c468.1-rms]   Stream #0:0: Video: h264 (avc1 / 0x31637661), yuv420p(tv, progressive), 864x864 [SAR 1:1 DAR 1:1], q=2-31, 4 fps, 16384 tbn
[3c468.1-rms]       Metadata:
[3c468.1-rms]         encoder         : Lavc61.19.101 libx264
[3c468.1-rms]       Side data:
[3c468.1-rms]         cpb: bitrate max/min/avg: 0/0/0 buffer size: 0 vbv_delay: N/A
[3c468.1-rms] [out#0/mp4 @ 0x149204aa0] video:887KiB audio:0KiB subtitle:0KiB other streams:0KiB global headers:0KiB muxing overhead: 0.114519%
[3c468.1-rms] frame=   39 fps=0.0 q=-1.0 Lsize=     888KiB time=00:00:09.25 bitrate= 786.3kbits/s speed=  65x    
[3c468.1-rms] [libx264 @ 0x1492059a0] frame I:1     Avg QP:17.78  size:133140
[3c468.1-rms] [libx264 @ 0x1492059a0] frame P:38    Avg QP:18.00  size: 20377
[3c468.1-rms] [libx264 @ 0x1492059a0] mb I  I16..4: 12.4% 53.7% 33.9%
[3c468.1-rms] [libx264 @ 0x1492059a0] mb P  I16..4:  0.0%  0.1%  0.0%  P16..4: 19.2% 13.7% 16.8%  0.0%  0.0%    skip:50.2%
[3c468.1-rms] [libx264 @ 0x1492059a0] 8x8 transform intra:54.1% inter:54.1%
[3c468.1-rms] [libx264 @ 0x1492059a0] coded y,uvDC,uvAC intra: 60.8% 60.5% 58.3% inter: 32.3% 40.6% 30.3%
[3c468.1-rms] [libx264 @ 0x1492059a0] i16 v,h,dc,p: 63% 21% 15%  1%
[3c468.1-rms] [libx264 @ 0x1492059a0] i8 v,h,dc,ddl,ddr,vr,hd,vl,hu: 30% 19% 11%  1% 19%  6%  8%  2%  3%
[3c468.1-rms] [libx264 @ 0x1492059a0] i4 v,h,dc,ddl,ddr,vr,hd,vl,hu: 25% 19%  7%  2% 17% 12% 10%  4%  4%
[3c468.1-rms] [libx264 @ 0x1492059a0] i8c dc,h,v,p: 63% 12% 17%  8%
[3c468.1-rms] [libx264 @ 0x1492059a0] Weighted P-Frames: Y:0.0% UV:0.0%
[3c468.1-rms] [libx264 @ 0x1492059a0] ref P L0: 81.3% 17.5%  0.9%  0.3%
[3c468.1-rms] [libx264 @ 0x1492059a0] kb/s:744.58
[3c468.1-rms] ffmpeg version 7.1.1 Copyright (c) 2000-2025 the FFmpeg developers
[3c468.1-rms]   built with Apple clang version 16.0.0 (clang-1600.0.26.6)
[3c468.1-rms]   configuration: --prefix=/opt/homebrew/Cellar/ffmpeg/7.1.1_1 --enable-shared --enable-pthreads --enable-version3 --cc=clang --host-cflags= --host-ldflags='-Wl,-ld_classic' --enable-ffplay --enable-gnutls --enable-gpl --enable-libaom --enable-libaribb24 --enable-libbluray --enable-libdav1d --enable-libharfbuzz --enable-libjxl --enable-libmp3lame --enable-libopus --enable-librav1e --enable-librist --enable-librubberband --enable-libsnappy --enable-libsrt --enable-libssh --enable-libsvtav1 --enable-libtesseract --enable-libtheora --enable-libvidstab --enable-libvmaf --enable-libvorbis --enable-libvpx --enable-libwebp --enable-libx264 --enable-libx265 --enable-libxml2 --enable-libxvid --enable-lzma --enable-libfontconfig --enable-libfreetype --enable-frei0r --enable-libass --enable-libopencore-amrnb --enable-libopencore-amrwb --enable-libopenjpeg --enable-libspeex --enable-libsoxr --enable-libzmq --enable-libzimg --disable-libjack --disable-indev=jack --enable-videotoolbox --enable-audiotoolbox --enable-neon
[3c468.1-rms]   libavutil      59. 39.100 / 59. 39.100
[3c468.1-rms]   libavcodec     61. 19.101 / 61. 19.101
[3c468.1-rms]   libavformat    61.  7.100 / 61.  7.100
[3c468.1-rms]   libavdevice    61.  3.100 / 61.  3.100
[3c468.1-rms]   libavfilter    10.  4.100 / 10.  4.100
[3c468.1-rms]   libswscale      8.  3.100 /  8.  3.100
[3c468.1-rms]   libswresample   5.  3.100 /  5.  3.100
[3c468.1-rms]   libpostproc    58.  3.100 / 58.  3.100
[3c468.1-rms] Input #0, image2, from '/Users/raj030/DATA/gmrt_40_014/work/casa_selfcal/3c468.1_scan06_stk1/cumulative_frames/frame_%04d.png':
[3c468.1-rms]   Duration: 00:00:09.75, start: 0.000000, bitrate: N/A
[3c468.1-rms]   Stream #0:0: Video: png, rgba(pc, gbr/unknown/unknown), 864x864 [SAR 4724:4724 DAR 1:1], 4 fps, 4 tbr, 4 tbn
[3c468.1-rms] Stream mapping:
[3c468.1-rms]   Stream #0:0 -> #0:0 (png (native) -> png (native))
[3c468.1-rms] Press [q] to stop, [?] for help
[3c468.1-rms] [Parsed_palettegen_1 @ 0x10b304d30] 255(+1) colors generated out of 66842 colors; ratio=0.003815
[3c468.1-rms] [Parsed_palettegen_1 @ 0x10b304d30] Duped color: FF0D0927
[3c468.1-rms] [Parsed_palettegen_1 @ 0x10b304d30] Duped color: FF110B2E
[3c468.1-rms] [Parsed_palettegen_1 @ 0x10b304d30] Duped color: FF130D33
[3c468.1-rms] [Parsed_palettegen_1 @ 0x10b304d30] Duped color: FF64197F
[3c468.1-rms] [Parsed_palettegen_1 @ 0x10b304d30] Duped color: FF6F1E80
[3c468.1-rms] Output #0, image2, to '/Users/raj030/DATA/gmrt_40_014/work/casa_selfcal/3c468.1_scan06_stk1/cumulative_frames/palette.png':
[3c468.1-rms]   Metadata:
[3c468.1-rms]     encoder         : Lavf61.7.100
[3c468.1-rms]   Stream #0:0: Video: png, rgba(pc, gbr/unknown/unknown, progressive), 16x16 [SAR 1:1 DAR 1:1], q=2-31, 200 kb/s, 4 fps, 4 tbn
[3c468.1-rms]       Metadata:
[3c468.1-rms]         encoder         : Lavc61.19.101 png
[3c468.1-rms] [image2 @ 0x140729070] The specified filename '/Users/raj030/DATA/gmrt_40_014/work/casa_selfcal/3c468.1_scan06_stk1/cumulative_frames/palette.png' does not contain an image sequence pattern or a pattern is invalid.
[3c468.1-rms] [image2 @ 0x140729070] Use a pattern such as %03d for an image sequence or use the -update option (with -frames:v 1 if needed) to write a single image.
[3c468.1-rms] [out#0/image2 @ 0x140727c40] video:1KiB audio:0KiB subtitle:0KiB other streams:0KiB global headers:0KiB muxing overhead: unknown
[3c468.1-rms] frame=    1 fps=0.0 q=-0.0 Lsize=N/A time=00:00:00.25 bitrate=N/A speed=2.53x    
[3c468.1-rms] ffmpeg version 7.1.1 Copyright (c) 2000-2025 the FFmpeg developers
[3c468.1-rms]   built with Apple clang version 16.0.0 (clang-1600.0.26.6)
[3c468.1-rms]   configuration: --prefix=/opt/homebrew/Cellar/ffmpeg/7.1.1_1 --enable-shared --enable-pthreads --enable-version3 --cc=clang --host-cflags= --host-ldflags='-Wl,-ld_classic' --enable-ffplay --enable-gnutls --enable-gpl --enable-libaom --enable-libaribb24 --enable-libbluray --enable-libdav1d --enable-libharfbuzz --enable-libjxl --enable-libmp3lame --enable-libopus --enable-librav1e --enable-librist --enable-librubberband --enable-libsnappy --enable-libsrt --enable-libssh --enable-libsvtav1 --enable-libtesseract --enable-libtheora --enable-libvidstab --enable-libvmaf --enable-libvorbis --enable-libvpx --enable-libwebp --enable-libx264 --enable-libx265 --enable-libxml2 --enable-libxvid --enable-lzma --enable-libfontconfig --enable-libfreetype --enable-frei0r --enable-libass --enable-libopencore-amrnb --enable-libopencore-amrwb --enable-libopenjpeg --enable-libspeex --enable-libsoxr --enable-libzmq --enable-libzimg --disable-libjack --disable-indev=jack --enable-videotoolbox --enable-audiotoolbox --enable-neon
[3c468.1-rms]   libavutil      59. 39.100 / 59. 39.100
[3c468.1-rms]   libavcodec     61. 19.101 / 61. 19.101
[3c468.1-rms]   libavformat    61.  7.100 / 61.  7.100
[3c468.1-rms]   libavdevice    61.  3.100 / 61.  3.100
[3c468.1-rms]   libavfilter    10.  4.100 / 10.  4.100
[3c468.1-rms]   libswscale      8.  3.100 /  8.  3.100
[3c468.1-rms]   libswresample   5.  3.100 /  5.  3.100
[3c468.1-rms]   libpostproc    58.  3.100 / 58.  3.100
[3c468.1-rms] Input #0, image2, from '/Users/raj030/DATA/gmrt_40_014/work/casa_selfcal/3c468.1_scan06_stk1/cumulative_frames/frame_%04d.png':
[3c468.1-rms]   Duration: 00:00:09.75, start: 0.000000, bitrate: N/A
[3c468.1-rms]   Stream #0:0: Video: png, rgba(pc, gbr/unknown/unknown), 864x864 [SAR 4724:4724 DAR 1:1], 4 fps, 4 tbr, 4 tbn
[3c468.1-rms] Input #1, png_pipe, from '/Users/raj030/DATA/gmrt_40_014/work/casa_selfcal/3c468.1_scan06_stk1/cumulative_frames/palette.png':
[3c468.1-rms]   Duration: N/A, bitrate: N/A
[3c468.1-rms]   Stream #1:0: Video: png, rgba(pc, gbr/unknown/unknown), 16x16 [SAR 1:1 DAR 1:1], 25 fps, 25 tbr, 25 tbn
[3c468.1-rms] Stream mapping:
[3c468.1-rms]   Stream #0:0 (png) -> fps:default
[3c468.1-rms]   Stream #1:0 (png) -> paletteuse
[3c468.1-rms]   paletteuse:default -> Stream #0:0 (gif)
[3c468.1-rms] Press [q] to stop, [?] for help
[3c468.1-rms] Output #0, gif, to '/Users/raj030/DATA/gmrt_40_014/work/casa_selfcal/3c468.1_scan06_stk1/3c468.1_scan06_stk1_cumulative_coadd.gif':
[3c468.1-rms]   Metadata:
[3c468.1-rms]     encoder         : Lavf61.7.100
[3c468.1-rms]   Stream #0:0: Video: gif, pal8(pc, gbr/unknown/unknown, progressive), 864x864 [SAR 1:1 DAR 1:1], q=2-31, 200 kb/s, 4 fps, 100 tbn
[3c468.1-rms]       Metadata:
[3c468.1-rms]         encoder         : Lavc61.19.101 gif
[3c468.1-rms] frame=   32 fps=0.0 q=-0.0 size=    8960KiB time=00:00:08.00 bitrate=9175.0kbits/s speed=15.8x    [out#0/gif @ 0x12ff08b40] video:11127KiB audio:0KiB subtitle:0KiB other streams:0KiB global headers:0KiB muxing overhead: 0.000176%
[3c468.1-rms] frame=   39 fps=0.0 q=-0.0 Lsize=   11127KiB time=00:00:09.75 bitrate=9348.9kbits/s speed=16.5x    
[3c468.1-rms] ffmpeg version 7.1.1 Copyright (c) 2000-2025 the FFmpeg developers
[3c468.1-rms]   built with Apple clang version 16.0.0 (clang-1600.0.26.6)
[3c468.1-rms]   configuration: --prefix=/opt/homebrew/Cellar/ffmpeg/7.1.1_1 --enable-shared --enable-pthreads --enable-version3 --cc=clang --host-cflags= --host-ldflags='-Wl,-ld_classic' --enable-ffplay --enable-gnutls --enable-gpl --enable-libaom --enable-libaribb24 --enable-libbluray --enable-libdav1d --enable-libharfbuzz --enable-libjxl --enable-libmp3lame --enable-libopus --enable-librav1e --enable-librist --enable-librubberband --enable-libsnappy --enable-libsrt --enable-libssh --enable-libsvtav1 --enable-libtesseract --enable-libtheora --enable-libvidstab --enable-libvmaf --enable-libvorbis --enable-libvpx --enable-libwebp --enable-libx264 --enable-libx265 --enable-libxml2 --enable-libxvid --enable-lzma --enable-libfontconfig --enable-libfreetype --enable-frei0r --enable-libass --enable-libopencore-amrnb --enable-libopencore-amrwb --enable-libopenjpeg --enable-libspeex --enable-libsoxr --enable-libzmq --enable-libzimg --disable-libjack --disable-indev=jack --enable-videotoolbox --enable-audiotoolbox --enable-neon
[3c468.1-rms]   libavutil      59. 39.100 / 59. 39.100
[3c468.1-rms]   libavcodec     61. 19.101 / 61. 19.101
[3c468.1-rms]   libavformat    61.  7.100 / 61.  7.100
[3c468.1-rms]   libavdevice    61.  3.100 / 61.  3.100
[3c468.1-rms]   libavfilter    10.  4.100 / 10.  4.100
[3c468.1-rms]   libswscale      8.  3.100 /  8.  3.100
[3c468.1-rms]   libswresample   5.  3.100 /  5.  3.100
[3c468.1-rms]   libpostproc    58.  3.100 / 58.  3.100
[3c468.1-rms] Input #0, image2, from '/Users/raj030/DATA/gmrt_40_014/work/casa_selfcal/3c468.1_scan06_stk1/cumulative_frames/frame_%04d.png':
[3c468.1-rms]   Duration: 00:00:09.75, start: 0.000000, bitrate: N/A
[3c468.1-rms]   Stream #0:0: Video: png, rgba(pc, gbr/unknown/unknown), 864x864 [SAR 4724:4724 DAR 1:1], 4 fps, 4 tbr, 4 tbn
[3c468.1-rms] Stream mapping:
[3c468.1-rms]   Stream #0:0 -> #0:0 (png (native) -> prores (prores_ks))
[3c468.1-rms] Press [q] to stop, [?] for help
[3c468.1-rms] Output #0, mov, to '/Users/raj030/DATA/gmrt_40_014/work/casa_selfcal/3c468.1_scan06_stk1/3c468.1_scan06_stk1_cumulative_coadd.mov':
[3c468.1-rms]   Metadata:
[3c468.1-rms]     encoder         : Lavf61.7.100
[3c468.1-rms]   Stream #0:0: Video: prores (HQ) (apch / 0x68637061), yuv422p10le(tv, progressive), 864x864 [SAR 1:1 DAR 1:1], q=2-31, 200 kb/s, 4 fps, 16384 tbn
[3c468.1-rms]       Metadata:
[3c468.1-rms]         encoder         : Lavc61.19.101 prores_ks
[3c468.1-rms] [out#0/mov @ 0x145707f60] video:11285KiB audio:0KiB subtitle:0KiB other streams:0KiB global headers:0KiB muxing overhead: 0.008178%
[3c468.1-rms] frame=   39 fps=0.0 q=-0.0 Lsize=   11286KiB time=00:00:09.75 bitrate=9482.7kbits/s speed=55.8x    
[3c468.1-rms] [cum-coadd] frame_shift  00 (3c468p1_int0168_final.fits): dr=+0.000px  dc=+0.000px
[3c468.1-rms] [cum-coadd] frame_shift  01 (3c468p1_int0169_final.fits): dr=+0.000px  dc=+0.000px
[3c468.1-rms] [cum-coadd] frame_shift  02 (3c468p1_int0170_final.fits): dr=+0.000px  dc=+0.000px
[3c468.1-rms] [cum-coadd] frame_shift  03 (3c468p1_int0171_final.fits): dr=+0.000px  dc=+0.000px
[3c468.1-rms] [cum-coadd] frame_shift  04 (3c468p1_int0172_final.fits): dr=+0.000px  dc=+0.000px
[3c468.1-rms] [cum-coadd] frame_shift  05 (3c468p1_int0173_final.fits): dr=+0.000px  dc=+0.000px
[3c468.1-rms] [cum-coadd] frame_shift  06 (3c468p1_int0174_final.fits): dr=+0.000px  dc=+0.000px
[3c468.1-rms] [cum-coadd] frame_shift  07 (3c468p1_int0175_final.fits): dr=+0.000px  dc=+0.000px
[3c468.1-rms] [cum-coadd] frame_shift  08 (3c468p1_int0176_final.fits): dr=+0.000px  dc=+0.000px
[3c468.1-rms] [cum-coadd] frame_shift  09 (3c468p1_int0177_final.fits): dr=+0.000px  dc=+0.000px
[3c468.1-rms] [cum-coadd] frame_shift  10 (3c468p1_int0178_final.fits): dr=+0.000px  dc=+0.000px
[3c468.1-rms] [cum-coadd] frame_shift  11 (3c468p1_int0179_final.fits): dr=+0.000px  dc=+0.000px
[3c468.1-rms] [cum-coadd] frame_shift  12 (3c468p1_int0180_final.fits): dr=+0.000px  dc=+0.000px
[3c468.1-rms] [cum-coadd] frame_shift  13 (3c468p1_int0181_final.fits): dr=+0.000px  dc=+0.000px
[3c468.1-rms] [cum-coadd] frame_shift  14 (3c468p1_int0182_final.fits): dr=+0.000px  dc=+0.000px
[3c468.1-rms] [cum-coadd] frame_shift  15 (3c468p1_int0183_final.fits): dr=+0.000px  dc=+0.000px
[3c468.1-rms] [cum-coadd] frame_shift  16 (3c468p1_int0184_final.fits): dr=+0.000px  dc=+0.000px
[3c468.1-rms] [cum-coadd] frame_shift  17 (3c468p1_int0185_final.fits): dr=+0.000px  dc=+0.000px
[3c468.1-rms] [cum-coadd] frame_shift  18 (3c468p1_int0186_final.fits): dr=+0.000px  dc=+0.000px
[3c468.1-rms] [cum-coadd] frame_shift  19 (3c468p1_int0187_final.fits): dr=+0.000px  dc=+0.000px
[3c468.1-rms] [cum-coadd] frame_shift  20 (3c468p1_int0188_final.fits): dr=+0.000px  dc=+0.000px
[3c468.1-rms] [cum-coadd] frame_shift  21 (3c468p1_int0189_final.fits): dr=+0.000px  dc=+0.000px
[3c468.1-rms] [cum-coadd] frame_shift  22 (3c468p1_int0190_final.fits): dr=+0.000px  dc=+0.000px
[3c468.1-rms] [cum-coadd] frame_shift  23 (3c468p1_int0191_final.fits): dr=+0.000px  dc=+0.000px
[3c468.1-rms] [cum-coadd] frame_shift  24 (3c468p1_int0192_final.fits): dr=+0.000px  dc=+0.000px
[3c468.1-rms] [cum-coadd] frame_shift  25 (3c468p1_int0193_final.fits): dr=+0.000px  dc=+0.000px
[3c468.1-rms] [cum-coadd] frame_shift  26 (3c468p1_int0194_final.fits): dr=+0.000px  dc=+0.000px
[3c468.1-rms] [cum-coadd] frame_shift  27 (3c468p1_int0195_final.fits): dr=+0.000px  dc=+0.000px
[3c468.1-rms] [cum-coadd] frame_shift  28 (3c468p1_int0196_final.fits): dr=+0.000px  dc=+0.000px
[3c468.1-rms] [cum-coadd] frame_shift  29 (3c468p1_int0197_final.fits): dr=+0.000px  dc=+0.000px
[3c468.1-rms] [cum-coadd] frame_shift  30 (3c468p1_int0198_final.fits): dr=+0.000px  dc=+0.000px
[3c468.1-rms] [cum-coadd] frame_shift  31 (3c468p1_int0199_final.fits): dr=+0.000px  dc=+0.000px
[3c468.1-rms] [cum-coadd] frame_shift  32 (3c468p1_int0200_final.fits): dr=+0.000px  dc=+0.000px
[3c468.1-rms] [cum-coadd] frame_shift  33 (3c468p1_int0201_final.fits): dr=+0.000px  dc=+0.000px
[3c468.1-rms] [cum-coadd] frame_shift  34 (3c468p1_int0202_final.fits): dr=+0.000px  dc=+0.000px
[3c468.1-rms] [cum-coadd] frame_shift  35 (3c468p1_int0203_final.fits): dr=+0.000px  dc=+0.000px
[3c468.1-rms] [cum-coadd] frame_shift  36 (3c468p1_int0204_final.fits): dr=+0.000px  dc=+0.000px
[3c468.1-rms] [cum-coadd] frame_shift  37 (3c468p1_int0205_final.fits): dr=+0.000px  dc=+0.000px
[3c468.1-rms] [cum-coadd] frame_shift  38 (3c468p1_int0206_final.fits): dr=+0.000px  dc=+0.000px
[3c468.1-rms] [cum-coadd] source_center : cy=511.5px  cx=511.5px  (image centre: cy=511.5  cx=511.5)
[3c468.1-rms] [cum-coadd] rms_strategy   : image-center
[3c468.1-rms] [cum-coadd] rms_exclude_r  : 400.00px (600.0arcsec; source=source-mask-radius-arcmin (10.00arcmin))
[3c468.1-rms] [cum-coadd] image_shape    : 1024x1024
[3c468.1-rms] [cum-coadd] offsource_px   : 545924 (52.06% of image)
[3c468.1-rms] [cum-coadd] selfcal_dir : /Users/raj030/DATA/gmrt_40_014/work/casa_selfcal/3c468.1_scan06_stk1
[3c468.1-rms] [cum-coadd] frames      : 39
[3c468.1-rms] [cum-coadd] reg_mode    : none
[3c468.1-rms] [cum-coadd] reg_backend : none
[3c468.1-rms] [cum-coadd] upsample    : 10
[3c468.1-rms] [cum-coadd] ref_idx     : 19
[3c468.1-rms] [cum-coadd] ref_file    : 3c468p1_int0187_final.fits
[3c468.1-rms] [cum-coadd] ref_jd      : 2459421.39699310 (mean=2459421.39699311)
[3c468.1-rms] [cum-coadd] frame_dir   : /Users/raj030/DATA/gmrt_40_014/work/casa_selfcal/3c468.1_scan06_stk1/cumulative_frames
[3c468.1-rms] [cum-coadd] out_mp4     : /Users/raj030/DATA/gmrt_40_014/work/casa_selfcal/3c468.1_scan06_stk1/3c468.1_scan06_stk1_cumulative_coadd.mp4
[3c468.1-rms] [cum-coadd] out_gif     : /Users/raj030/DATA/gmrt_40_014/work/casa_selfcal/3c468.1_scan06_stk1/3c468.1_scan06_stk1_cumulative_coadd.gif
[3c468.1-rms] [cum-coadd] out_mov     : /Users/raj030/DATA/gmrt_40_014/work/casa_selfcal/3c468.1_scan06_stk1/3c468.1_scan06_stk1_cumulative_coadd.mov
[3c468.1-rms] [cum-coadd] out_rms_png : /Users/raj030/DATA/gmrt_40_014/work/casa_selfcal/3c468.1_scan06_stk1/3c468.1_cumulative_rms_evolution.png
[3c468.1-rms] [cum-coadd] out_rms_csv : /Users/raj030/DATA/gmrt_40_014/work/casa_selfcal/3c468.1_scan06_stk1/3c468.1_cumulative_rms_evolution.csv
[3c468.1-diag] no rows matched requested selection
[3c468.1-post] WARNING: diagnostics unavailable for 3c468.1_scan06_stk1 with run-id 20260522_150005_p15957_r25461; continuing
[3c468.1-post] done
[2026-05-22 15:00:26] STEP 17 DONE  (optional): 3C468.1 post-selfcal artifacts (stack + movie + RMS)
[2026-05-22 15:00:26] GMRT 40_014 calibration workflow complete
[2026-05-22 15:00:27] PRODUCTS TO AUDIT (full paths):
[2026-05-22 15:00:27]   GMRT 40_014 products to audit
[2026-05-22 15:00:27]   Generated: 2026-05-22 15:00:26
[2026-05-22 15:00:27]   
[2026-05-22 15:00:27]   Workflow log:
[2026-05-22 15:00:27]   /Users/raj030/DATA/gmrt_40_014/work/logs/run_gmrt_40_014_calibration_workflow_20260522_150005.log
[2026-05-22 15:00:27]   
[2026-05-22 15:00:27]   Step 2: primary calibration
[2026-05-22 15:00:27]   /Users/raj030/DATA/gmrt_40_014/work/primary_calibration/bandpass/3c48_bandpass_25jul_gsb_iterfinal_clustering.npz
[2026-05-22 15:00:27]   /Users/raj030/DATA/gmrt_40_014/work/primary_calibration/flag/3c48_flag_table_session.json
[2026-05-22 15:00:27]   
[2026-05-22 15:00:27]   Step 3: primary split
[2026-05-22 15:00:27]   /Users/raj030/DATA/gmrt_40_014/work/split/3c48/3c48_calibrated_flagged.uvfits
[2026-05-22 15:00:27]   
[2026-05-22 15:00:27]   Step 4: primary vis plot
[2026-05-22 15:00:27]   /Users/raj030/DATA/gmrt_40_014/work/diagnostics_out/primary/3c48/selfcheck/plotvis_3c48.pdf
[2026-05-22 15:00:27]   
[2026-05-22 15:00:27]   Step 5: 3C468.1 primary-only split
[2026-05-22 15:00:27]   /Users/raj030/DATA/gmrt_40_014/work/split/3c468.1/3c468.1_primary_calibrated.uvfits
[2026-05-22 15:00:27]   
[2026-05-22 15:00:27]   Step 6: 3C468.1 primary-only plot
[2026-05-22 15:00:27]   /Users/raj030/DATA/gmrt_40_014/work/diagnostics_out/secondary/3c468.1/transfer/plotvis_3c468.1.pdf
[2026-05-22 15:00:27]   
[2026-05-22 15:00:27]   Step 7: clustering flags + products
[2026-05-22 15:00:27]   /Users/raj030/DATA/gmrt_40_014/work/secondary_calibration/flag/3c468.1_split_clustering_flag_table_session.json
[2026-05-22 15:00:27]   /Users/raj030/DATA/gmrt_40_014/work/diagnostics_out/secondary/3c468.1/flagging/3c468.1_clustering_spectrum_after.png
[2026-05-22 15:00:27]   /Users/raj030/DATA/gmrt_40_014/work/diagnostics_out/secondary/3c468.1/flagging/3c468.1_clustering_spectrum_before.png
[2026-05-22 15:00:27]   /Users/raj030/DATA/gmrt_40_014/work/diagnostics_out/secondary/3c468.1/flagging/3c468.1_clustering_stokesV_after.png
[2026-05-22 15:00:27]   /Users/raj030/DATA/gmrt_40_014/work/diagnostics_out/secondary/3c468.1/flagging/3c468.1_clustering_stokesV_before.png
[2026-05-22 15:00:27]   /Users/raj030/DATA/gmrt_40_014/work/diagnostics_out/secondary/3c468.1/flagging/3c468.1_clustering_summary_20260513_102341.pdf
[2026-05-22 15:00:27]   /Users/raj030/DATA/gmrt_40_014/work/diagnostics_out/secondary/3c468.1/flagging/3c468.1_clustering_uvdist_after.png
[2026-05-22 15:00:27]   /Users/raj030/DATA/gmrt_40_014/work/diagnostics_out/secondary/3c468.1/flagging/3c468.1_clustering_uvdist_before.png
[2026-05-22 15:00:27]   
[2026-05-22 15:00:27]   Step 8: secondary calibration tables
[2026-05-22 15:00:27]   /Users/raj030/DATA/gmrt_40_014/work/secondary_calibration/3c468.1_secondary_phase_only_scan01.npz
[2026-05-22 15:00:27]   /Users/raj030/DATA/gmrt_40_014/work/secondary_calibration/3c468.1_secondary_phase_only_scan02.npz
[2026-05-22 15:00:27]   /Users/raj030/DATA/gmrt_40_014/work/secondary_calibration/3c468.1_secondary_phase_only_scan03.npz
[2026-05-22 15:00:27]   /Users/raj030/DATA/gmrt_40_014/work/secondary_calibration/3c468.1_secondary_phase_only_scan04.npz
[2026-05-22 15:00:27]   /Users/raj030/DATA/gmrt_40_014/work/secondary_calibration/3c468.1_secondary_phase_only_scan05.npz
[2026-05-22 15:00:27]   /Users/raj030/DATA/gmrt_40_014/work/secondary_calibration/3c468.1_secondary_phase_only_scan06.npz
[2026-05-22 15:00:27]   /Users/raj030/DATA/gmrt_40_014/work/secondary_calibration/3c468.1_secondary_phase_only_scan07.npz
[2026-05-22 15:00:27]   /Users/raj030/DATA/gmrt_40_014/work/secondary_calibration/3c468.1_secondary_phase_only_scan08.npz
[2026-05-22 15:00:27]   /Users/raj030/DATA/gmrt_40_014/work/secondary_calibration/3c468.1_secondary_phase_only_scan09.npz
[2026-05-22 15:00:27]   
[2026-05-22 15:00:27]   Step 9: 3C468.1 primary+secondary split
[2026-05-22 15:00:27]   /Users/raj030/DATA/gmrt_40_014/work/split/3c468.1/3c468.1_primary_secondary_calibrated_flagged.uvfits
[2026-05-22 15:00:27]   
[2026-05-22 15:00:27]   Step 10: final 3C468.1 plot
[2026-05-22 15:00:27]   /Users/raj030/DATA/gmrt_40_014/work/diagnostics_out/secondary/3c468.1/final_qa/plotvis_3c468.1.pdf
[2026-05-22 15:00:27]   
[2026-05-22 15:00:27]   Step 11: moon split (all variants, all sources)
[2026-05-22 15:00:27]   /Users/raj030/DATA/gmrt_40_014/work/split/moon/moon0520_primary_secondary_calibrated_flagged.uvfits
[2026-05-22 15:00:27]   /Users/raj030/DATA/gmrt_40_014/work/split/moon/moon0545_primary_secondary_calibrated_flagged.uvfits
[2026-05-22 15:00:27]   /Users/raj030/DATA/gmrt_40_014/work/split/moon/moon0605_primary_secondary_calibrated_flagged.uvfits
[2026-05-22 15:00:27]   /Users/raj030/DATA/gmrt_40_014/work/split/moon/moon0625_primary_secondary_calibrated_flagged.uvfits
[2026-05-22 15:00:27]   /Users/raj030/DATA/gmrt_40_014/work/split/moon/moon0635_primary_secondary_calibrated_flagged.uvfits
[2026-05-22 15:00:27]   
[2026-05-22 15:00:27]   Step 12: moon visibility plots
[2026-05-22 15:00:27]   /Users/raj030/DATA/gmrt_40_014/work/diagnostics_out/target/moon0520/final_qa/plotvis_moon0520.pdf
[2026-05-22 15:00:27]   /Users/raj030/DATA/gmrt_40_014/work/diagnostics_out/target/moon0545/final_qa/plotvis_moon0545.pdf
[2026-05-22 15:00:27]   /Users/raj030/DATA/gmrt_40_014/work/diagnostics_out/target/moon0605/final_qa/plotvis_moon0605.pdf
[2026-05-22 15:00:27]   /Users/raj030/DATA/gmrt_40_014/work/diagnostics_out/target/moon0625/final_qa/plotvis_moon0625.pdf
[2026-05-22 15:00:27]   /Users/raj030/DATA/gmrt_40_014/work/diagnostics_out/target/moon0635/final_qa/plotvis_moon0635.pdf
[2026-05-22 15:00:27]   
[2026-05-22 15:00:27]   Step 13: moon selfcal imaging outputs
[2026-05-22 15:00:27]   /Users/raj030/DATA/gmrt_40_014/work/casa_selfcal/moon0520_stk10/moon0520_stk0000_n10/moon0520_stk0000_n10_final.fits
[2026-05-22 15:00:27]   /Users/raj030/DATA/gmrt_40_014/work/casa_selfcal/moon0520_stk10/moon0520_stk0010_n10/moon0520_stk0010_n10_final.fits
[2026-05-22 15:00:27]   /Users/raj030/DATA/gmrt_40_014/work/casa_selfcal/moon0520_stk10/moon0520_stk0020_n10/moon0520_stk0020_n10_final.fits
[2026-05-22 15:00:27]   /Users/raj030/DATA/gmrt_40_014/work/casa_selfcal/moon0520_stk10/moon0520_stk0030_n10/moon0520_stk0030_n10_final.fits
[2026-05-22 15:00:27]   /Users/raj030/DATA/gmrt_40_014/work/casa_selfcal/moon0520_stk10/moon0520_stk0040_n10/moon0520_stk0040_n10_final.fits
[2026-05-22 15:00:27]   /Users/raj030/DATA/gmrt_40_014/work/casa_selfcal/moon0520_stk10/moon0520_stk0050_n10/moon0520_stk0050_n10_final.fits
[2026-05-22 15:00:27]   /Users/raj030/DATA/gmrt_40_014/work/casa_selfcal/moon0520_stk10/moon0520_stk0060_n10/moon0520_stk0060_n10_final.fits
[2026-05-22 15:00:27]   /Users/raj030/DATA/gmrt_40_014/work/casa_selfcal/moon0520_stk10/moon0520_stk0070_n10/moon0520_stk0070_n10_final.fits
[2026-05-22 15:00:27]   /Users/raj030/DATA/gmrt_40_014/work/casa_selfcal/moon0520_stk10/moon0520_stk0080_n10/moon0520_stk0080_n10_final.fits
[2026-05-22 15:00:27]   /Users/raj030/DATA/gmrt_40_014/work/casa_selfcal/moon0520_stk10/moon0520_stk0090_n10/moon0520_stk0090_n10_final.fits
[2026-05-22 15:00:27]   /Users/raj030/DATA/gmrt_40_014/work/casa_selfcal/moon0520_stk10/moon0520_stk0100_n13/moon0520_stk0100_n13_final.fits
[2026-05-22 15:00:27]   /Users/raj030/DATA/gmrt_40_014/work/casa_selfcal/moon0520_stk10_phasecenter/moon0520_stk0000_n10/moon0520_stk0000_n10_final.fits
[2026-05-22 15:00:27]   /Users/raj030/DATA/gmrt_40_014/work/casa_selfcal/moon0520_stk10_phasecenter/moon0520_stk0010_n10/moon0520_stk0010_n10_final.fits
[2026-05-22 15:00:27]   /Users/raj030/DATA/gmrt_40_014/work/casa_selfcal/moon0520_stk10_phasecenter/moon0520_stk0020_n10/moon0520_stk0020_n10_final.fits
[2026-05-22 15:00:27]   /Users/raj030/DATA/gmrt_40_014/work/casa_selfcal/moon0520_stk10_phasecenter/moon0520_stk0030_n10/moon0520_stk0030_n10_final.fits
[2026-05-22 15:00:27]   /Users/raj030/DATA/gmrt_40_014/work/casa_selfcal/moon0520_stk10_phasecenter/moon0520_stk0040_n10/moon0520_stk0040_n10_final.fits
[2026-05-22 15:00:27]   /Users/raj030/DATA/gmrt_40_014/work/casa_selfcal/moon0520_stk10_phasecenter/moon0520_stk0050_n10/moon0520_stk0050_n10_final.fits
[2026-05-22 15:00:27]   /Users/raj030/DATA/gmrt_40_014/work/casa_selfcal/moon0520_stk10_phasecenter/moon0520_stk0060_n10/moon0520_stk0060_n10_final.fits
[2026-05-22 15:00:27]   /Users/raj030/DATA/gmrt_40_014/work/casa_selfcal/moon0520_stk10_phasecenter/moon0520_stk0070_n10/moon0520_stk0070_n10_final.fits
[2026-05-22 15:00:27]   /Users/raj030/DATA/gmrt_40_014/work/casa_selfcal/moon0520_stk10_phasecenter/moon0520_stk0080_n10/moon0520_stk0080_n10_final.fits
[2026-05-22 15:00:27]   /Users/raj030/DATA/gmrt_40_014/work/casa_selfcal/moon0520_stk10_phasecenter/moon0520_stk0090_n10/moon0520_stk0090_n10_final.fits
[2026-05-22 15:00:27]   /Users/raj030/DATA/gmrt_40_014/work/casa_selfcal/moon0520_stk10_phasecenter/moon0520_stk0100_n13/moon0520_stk0100_n13_final.fits
[2026-05-22 15:00:27]   
[2026-05-22 15:00:27]   Step 14: moon imaging diagnostics (trajectory plot)
[2026-05-22 15:00:27]   /Users/raj030/DATA/gmrt_40_014/work/diagnostics_out/moon_imaging/moon0520_trajectory.png
[2026-05-22 15:00:27]   
[2026-05-22 15:00:27]   Step 15: moon post-selfcal artifacts (destripe + movies)
[2026-05-22 15:00:27]   /Users/raj030/DATA/gmrt_40_014/work/casa_selfcal/ghpages_products/moon0520/no_phasecenter/moon0520_no_phasecenter_before_after_compare.gif
[2026-05-22 15:00:27]   /Users/raj030/DATA/gmrt_40_014/work/casa_selfcal/ghpages_products/moon0520/no_phasecenter/moon0520_no_phasecenter_before_after_compare.mov
[2026-05-22 15:00:27]   /Users/raj030/DATA/gmrt_40_014/work/casa_selfcal/ghpages_products/moon0520/no_phasecenter/moon0520_no_phasecenter_before_after_compare.mp4
[2026-05-22 15:00:27]   /Users/raj030/DATA/gmrt_40_014/work/casa_selfcal/ghpages_products/moon0520/no_phasecenter/moon0520_no_phasecenter_destriped.gif
[2026-05-22 15:00:27]   /Users/raj030/DATA/gmrt_40_014/work/casa_selfcal/ghpages_products/moon0520/no_phasecenter/moon0520_no_phasecenter_destriped.mov
[2026-05-22 15:00:27]   /Users/raj030/DATA/gmrt_40_014/work/casa_selfcal/ghpages_products/moon0520/no_phasecenter/moon0520_no_phasecenter_destriped.mp4
[2026-05-22 15:00:27]   /Users/raj030/DATA/gmrt_40_014/work/casa_selfcal/ghpages_products/moon0520/no_phasecenter/moon0520_no_phasecenter_phasecorr_destriped_stack_destriped.png
[2026-05-22 15:00:27]   /Users/raj030/DATA/gmrt_40_014/work/casa_selfcal/ghpages_products/moon0520/no_phasecenter/moon0520_no_phasecenter_phasecorr_destriped_stack_original.png
[2026-05-22 15:00:27]   /Users/raj030/DATA/gmrt_40_014/work/casa_selfcal/ghpages_products/moon0520/no_phasecenter/moon0520_no_phasecenter_phasecorr_destriped_stack.fits
[2026-05-22 15:00:27]   /Users/raj030/DATA/gmrt_40_014/work/casa_selfcal/ghpages_products/moon0520/no_phasecenter/moon0520_no_phasecenter_phasecorr_destriped_stack.png
[2026-05-22 15:00:27]   /Users/raj030/DATA/gmrt_40_014/work/casa_selfcal/ghpages_products/moon0520/no_phasecenter/moon0520_no_phasecenter_phasecorr_raw_selfcal_stack.png
[2026-05-22 15:00:27]   /Users/raj030/DATA/gmrt_40_014/work/casa_selfcal/ghpages_products/moon0520/no_phasecenter/moon0520_no_phasecenter_raw_selfcal.gif
[2026-05-22 15:00:27]   /Users/raj030/DATA/gmrt_40_014/work/casa_selfcal/ghpages_products/moon0520/no_phasecenter/moon0520_no_phasecenter_raw_selfcal.mov
[2026-05-22 15:00:27]   /Users/raj030/DATA/gmrt_40_014/work/casa_selfcal/ghpages_products/moon0520/no_phasecenter/moon0520_no_phasecenter_raw_selfcal.mp4
[2026-05-22 15:00:27]   /Users/raj030/DATA/gmrt_40_014/work/casa_selfcal/ghpages_products/moon0520/no_phasecenter/moon0520_observed_center_destriped_cumulative_coadd.gif
[2026-05-22 15:00:27]   /Users/raj030/DATA/gmrt_40_014/work/casa_selfcal/ghpages_products/moon0520/no_phasecenter/moon0520_observed_center_destriped_cumulative_coadd.mov
[2026-05-22 15:00:27]   /Users/raj030/DATA/gmrt_40_014/work/casa_selfcal/ghpages_products/moon0520/no_phasecenter/moon0520_observed_center_destriped_cumulative_coadd.mp4
[2026-05-22 15:00:27]   /Users/raj030/DATA/gmrt_40_014/work/casa_selfcal/ghpages_products/moon0520/no_phasecenter/moon0520_observed_center_destriped_cumulative_rms_evolution.csv
[2026-05-22 15:00:27]   /Users/raj030/DATA/gmrt_40_014/work/casa_selfcal/ghpages_products/moon0520/no_phasecenter/moon0520_observed_center_destriped_cumulative_rms_evolution.png
[2026-05-22 15:00:27]   /Users/raj030/DATA/gmrt_40_014/work/casa_selfcal/ghpages_products/moon0520/no_phasecenter/moon0520_observed_center_raw_cumulative_coadd.gif
[2026-05-22 15:00:27]   /Users/raj030/DATA/gmrt_40_014/work/casa_selfcal/ghpages_products/moon0520/no_phasecenter/moon0520_observed_center_raw_cumulative_coadd.mov
[2026-05-22 15:00:27]   /Users/raj030/DATA/gmrt_40_014/work/casa_selfcal/ghpages_products/moon0520/no_phasecenter/moon0520_observed_center_raw_cumulative_coadd.mp4
[2026-05-22 15:00:27]   /Users/raj030/DATA/gmrt_40_014/work/casa_selfcal/ghpages_products/moon0520/no_phasecenter/moon0520_observed_center_raw_cumulative_rms_evolution.csv
[2026-05-22 15:00:27]   /Users/raj030/DATA/gmrt_40_014/work/casa_selfcal/ghpages_products/moon0520/no_phasecenter/moon0520_observed_center_raw_cumulative_rms_evolution.png
[2026-05-22 15:00:27]   
[2026-05-22 15:00:27]   /Users/raj030/DATA/gmrt_40_014/work/casa_selfcal/ghpages_products/moon0520/no_phasecenter/destripe_debug:
[2026-05-22 15:00:27]   moon0520_stk0000_n10_final
[2026-05-22 15:00:27]   moon0520_stk0010_n10_final
[2026-05-22 15:00:27]   moon0520_stk0020_n10_final
[2026-05-22 15:00:27]   moon0520_stk0030_n10_final
[2026-05-22 15:00:27]   moon0520_stk0040_n10_final
[2026-05-22 15:00:27]   moon0520_stk0050_n10_final
[2026-05-22 15:00:27]   moon0520_stk0060_n10_final
[2026-05-22 15:00:27]   moon0520_stk0070_n10_final
[2026-05-22 15:00:27]   moon0520_stk0080_n10_final
[2026-05-22 15:00:27]   moon0520_stk0090_n10_final
[2026-05-22 15:00:27]   moon0520_stk0100_n13_final
[2026-05-22 15:00:27]   
[2026-05-22 15:00:27]   /Users/raj030/DATA/gmrt_40_014/work/casa_selfcal/ghpages_products/moon0520/no_phasecenter/movie_frames_compare:
[2026-05-22 15:00:27]   frame_0000.png
[2026-05-22 15:00:27]   frame_0001.png
[2026-05-22 15:00:27]   frame_0002.png
[2026-05-22 15:00:27]   frame_0003.png
[2026-05-22 15:00:27]   frame_0004.png
[2026-05-22 15:00:27]   frame_0005.png
[2026-05-22 15:00:27]   frame_0006.png
[2026-05-22 15:00:27]   frame_0007.png
[2026-05-22 15:00:27]   frame_0008.png
[2026-05-22 15:00:27]   frame_0009.png
[2026-05-22 15:00:27]   frame_0010.png
[2026-05-22 15:00:27]   
[2026-05-22 15:00:27]   /Users/raj030/DATA/gmrt_40_014/work/casa_selfcal/ghpages_products/moon0520/no_phasecenter/movie_frames_cumulative:
[2026-05-22 15:00:27]   frame_0000.png
[2026-05-22 15:00:27]   frame_0001.png
[2026-05-22 15:00:27]   frame_0002.png
[2026-05-22 15:00:27]   frame_0003.png
[2026-05-22 15:00:27]   frame_0004.png
[2026-05-22 15:00:27]   frame_0005.png
[2026-05-22 15:00:27]   frame_0006.png
[2026-05-22 15:00:27]   frame_0007.png
[2026-05-22 15:00:27]   frame_0008.png
[2026-05-22 15:00:27]   frame_0009.png
[2026-05-22 15:00:27]   frame_0010.png
[2026-05-22 15:00:27]   
[2026-05-22 15:00:27]   /Users/raj030/DATA/gmrt_40_014/work/casa_selfcal/ghpages_products/moon0520/no_phasecenter/movie_frames_destriped:
[2026-05-22 15:00:27]   frame_0000.png
[2026-05-22 15:00:27]   frame_0001.png
[2026-05-22 15:00:27]   frame_0002.png
[2026-05-22 15:00:27]   frame_0003.png
[2026-05-22 15:00:27]   frame_0004.png
[2026-05-22 15:00:27]   frame_0005.png
[2026-05-22 15:00:27]   frame_0006.png
[2026-05-22 15:00:27]   frame_0007.png
[2026-05-22 15:00:27]   frame_0008.png
[2026-05-22 15:00:27]   frame_0009.png
[2026-05-22 15:00:27]   frame_0010.png
[2026-05-22 15:00:27]   
[2026-05-22 15:00:27]   /Users/raj030/DATA/gmrt_40_014/work/casa_selfcal/ghpages_products/moon0520/no_phasecenter/movie_frames_raw_selfcal:
[2026-05-22 15:00:27]   frame_0000.png
[2026-05-22 15:00:27]   frame_0001.png
[2026-05-22 15:00:27]   frame_0002.png
[2026-05-22 15:00:27]   frame_0003.png
[2026-05-22 15:00:27]   frame_0004.png
[2026-05-22 15:00:27]   frame_0005.png
[2026-05-22 15:00:27]   frame_0006.png
[2026-05-22 15:00:27]   frame_0007.png
[2026-05-22 15:00:27]   frame_0008.png
[2026-05-22 15:00:27]   frame_0009.png
[2026-05-22 15:00:27]   frame_0010.png
[2026-05-22 15:00:27]   
[2026-05-22 15:00:27]   /Users/raj030/DATA/gmrt_40_014/work/casa_selfcal/ghpages_products/moon0520/no_phasecenter/provenance:
[2026-05-22 15:00:27]   run_stack_moon_snapshots_moon0520_no_phasecenter_phasecorr_destriped_stack_20260520_132714.cmd
[2026-05-22 15:00:27]   run_stack_moon_snapshots_moon0520_no_phasecenter_phasecorr_destriped_stack_20260520_132714.log
[2026-05-22 15:00:27]   run_stack_moon_snapshots_moon0520_no_phasecenter_phasecorr_destriped_stack_20260520_153046.cmd
[2026-05-22 15:00:27]   run_stack_moon_snapshots_moon0520_no_phasecenter_phasecorr_destriped_stack_20260520_153046.log
[2026-05-22 15:00:27]   run_stack_moon_snapshots_moon0520_no_phasecenter_phasecorr_destriped_stack_20260522_103608.cmd
[2026-05-22 15:00:27]   run_stack_moon_snapshots_moon0520_no_phasecenter_phasecorr_destriped_stack_20260522_103608.log
[2026-05-22 15:00:27]   /Users/raj030/DATA/gmrt_40_014/work/casa_selfcal/ghpages_products/moon0520/phasecenter/moon0520_moon_centered_destriped_cumulative_coadd.gif
[2026-05-22 15:00:27]   /Users/raj030/DATA/gmrt_40_014/work/casa_selfcal/ghpages_products/moon0520/phasecenter/moon0520_moon_centered_destriped_cumulative_coadd.mov
[2026-05-22 15:00:27]   /Users/raj030/DATA/gmrt_40_014/work/casa_selfcal/ghpages_products/moon0520/phasecenter/moon0520_moon_centered_destriped_cumulative_coadd.mp4
[2026-05-22 15:00:27]   /Users/raj030/DATA/gmrt_40_014/work/casa_selfcal/ghpages_products/moon0520/phasecenter/moon0520_moon_centered_destriped_cumulative_rms_evolution.csv
[2026-05-22 15:00:27]   /Users/raj030/DATA/gmrt_40_014/work/casa_selfcal/ghpages_products/moon0520/phasecenter/moon0520_moon_centered_destriped_cumulative_rms_evolution.png
[2026-05-22 15:00:27]   /Users/raj030/DATA/gmrt_40_014/work/casa_selfcal/ghpages_products/moon0520/phasecenter/moon0520_moon_centered_raw_cumulative_coadd.gif
[2026-05-22 15:00:27]   /Users/raj030/DATA/gmrt_40_014/work/casa_selfcal/ghpages_products/moon0520/phasecenter/moon0520_moon_centered_raw_cumulative_coadd.mov
[2026-05-22 15:00:27]   /Users/raj030/DATA/gmrt_40_014/work/casa_selfcal/ghpages_products/moon0520/phasecenter/moon0520_moon_centered_raw_cumulative_coadd.mp4
[2026-05-22 15:00:27]   /Users/raj030/DATA/gmrt_40_014/work/casa_selfcal/ghpages_products/moon0520/phasecenter/moon0520_moon_centered_raw_cumulative_rms_evolution.csv
[2026-05-22 15:00:27]   /Users/raj030/DATA/gmrt_40_014/work/casa_selfcal/ghpages_products/moon0520/phasecenter/moon0520_moon_centered_raw_cumulative_rms_evolution.png
[2026-05-22 15:00:27]   /Users/raj030/DATA/gmrt_40_014/work/casa_selfcal/ghpages_products/moon0520/phasecenter/moon0520_phasecenter_before_after_compare.gif
[2026-05-22 15:00:27]   /Users/raj030/DATA/gmrt_40_014/work/casa_selfcal/ghpages_products/moon0520/phasecenter/moon0520_phasecenter_before_after_compare.mov
[2026-05-22 15:00:27]   /Users/raj030/DATA/gmrt_40_014/work/casa_selfcal/ghpages_products/moon0520/phasecenter/moon0520_phasecenter_before_after_compare.mp4
[2026-05-22 15:00:27]   /Users/raj030/DATA/gmrt_40_014/work/casa_selfcal/ghpages_products/moon0520/phasecenter/moon0520_phasecenter_destriped.gif
[2026-05-22 15:00:27]   /Users/raj030/DATA/gmrt_40_014/work/casa_selfcal/ghpages_products/moon0520/phasecenter/moon0520_phasecenter_destriped.mov
[2026-05-22 15:00:27]   /Users/raj030/DATA/gmrt_40_014/work/casa_selfcal/ghpages_products/moon0520/phasecenter/moon0520_phasecenter_destriped.mp4
[2026-05-22 15:00:27]   /Users/raj030/DATA/gmrt_40_014/work/casa_selfcal/ghpages_products/moon0520/phasecenter/moon0520_phasecenter_noshift_destriped_stack_destriped.png
[2026-05-22 15:00:27]   /Users/raj030/DATA/gmrt_40_014/work/casa_selfcal/ghpages_products/moon0520/phasecenter/moon0520_phasecenter_noshift_destriped_stack_original.png
[2026-05-22 15:00:27]   /Users/raj030/DATA/gmrt_40_014/work/casa_selfcal/ghpages_products/moon0520/phasecenter/moon0520_phasecenter_noshift_destriped_stack.fits
[2026-05-22 15:00:27]   /Users/raj030/DATA/gmrt_40_014/work/casa_selfcal/ghpages_products/moon0520/phasecenter/moon0520_phasecenter_noshift_destriped_stack.png
[2026-05-22 15:00:27]   /Users/raj030/DATA/gmrt_40_014/work/casa_selfcal/ghpages_products/moon0520/phasecenter/moon0520_phasecenter_noshift_raw_selfcal_stack.png
[2026-05-22 15:00:27]   /Users/raj030/DATA/gmrt_40_014/work/casa_selfcal/ghpages_products/moon0520/phasecenter/moon0520_phasecenter_raw_selfcal.gif
[2026-05-22 15:00:27]   /Users/raj030/DATA/gmrt_40_014/work/casa_selfcal/ghpages_products/moon0520/phasecenter/moon0520_phasecenter_raw_selfcal.mov
[2026-05-22 15:00:27]   /Users/raj030/DATA/gmrt_40_014/work/casa_selfcal/ghpages_products/moon0520/phasecenter/moon0520_phasecenter_raw_selfcal.mp4
[2026-05-22 15:00:27]   
[2026-05-22 15:00:27]   /Users/raj030/DATA/gmrt_40_014/work/casa_selfcal/ghpages_products/moon0520/phasecenter/destripe_debug:
[2026-05-22 15:00:27]   moon0520_stk0000_n10_final
[2026-05-22 15:00:27]   moon0520_stk0010_n10_final
[2026-05-22 15:00:27]   moon0520_stk0020_n10_final
[2026-05-22 15:00:27]   moon0520_stk0030_n10_final
[2026-05-22 15:00:27]   moon0520_stk0040_n10_final
[2026-05-22 15:00:27]   moon0520_stk0050_n10_final
[2026-05-22 15:00:27]   moon0520_stk0060_n10_final
[2026-05-22 15:00:27]   moon0520_stk0070_n10_final
[2026-05-22 15:00:27]   moon0520_stk0080_n10_final
[2026-05-22 15:00:27]   moon0520_stk0090_n10_final
[2026-05-22 15:00:27]   moon0520_stk0100_n13_final
[2026-05-22 15:00:27]   
[2026-05-22 15:00:27]   /Users/raj030/DATA/gmrt_40_014/work/casa_selfcal/ghpages_products/moon0520/phasecenter/movie_frames_compare:
[2026-05-22 15:00:27]   frame_0000.png
[2026-05-22 15:00:27]   frame_0001.png
[2026-05-22 15:00:27]   frame_0002.png
[2026-05-22 15:00:27]   frame_0003.png
[2026-05-22 15:00:27]   frame_0004.png
[2026-05-22 15:00:27]   frame_0005.png
[2026-05-22 15:00:27]   frame_0006.png
[2026-05-22 15:00:27]   frame_0007.png
[2026-05-22 15:00:27]   frame_0008.png
[2026-05-22 15:00:27]   frame_0009.png
[2026-05-22 15:00:27]   frame_0010.png
[2026-05-22 15:00:27]   
[2026-05-22 15:00:27]   /Users/raj030/DATA/gmrt_40_014/work/casa_selfcal/ghpages_products/moon0520/phasecenter/movie_frames_cumulative:
[2026-05-22 15:00:27]   frame_0000.png
[2026-05-22 15:00:27]   frame_0001.png
[2026-05-22 15:00:27]   frame_0002.png
[2026-05-22 15:00:27]   frame_0003.png
[2026-05-22 15:00:27]   frame_0004.png
[2026-05-22 15:00:27]   frame_0005.png
[2026-05-22 15:00:27]   frame_0006.png
[2026-05-22 15:00:27]   frame_0007.png
[2026-05-22 15:00:27]   frame_0008.png
[2026-05-22 15:00:27]   frame_0009.png
[2026-05-22 15:00:27]   frame_0010.png
[2026-05-22 15:00:27]   
[2026-05-22 15:00:27]   /Users/raj030/DATA/gmrt_40_014/work/casa_selfcal/ghpages_products/moon0520/phasecenter/movie_frames_destriped:
[2026-05-22 15:00:27]   frame_0000.png
[2026-05-22 15:00:27]   frame_0001.png
[2026-05-22 15:00:27]   frame_0002.png
[2026-05-22 15:00:27]   frame_0003.png
[2026-05-22 15:00:27]   frame_0004.png
[2026-05-22 15:00:27]   frame_0005.png
[2026-05-22 15:00:27]   frame_0006.png
[2026-05-22 15:00:27]   frame_0007.png
[2026-05-22 15:00:27]   frame_0008.png
[2026-05-22 15:00:27]   frame_0009.png
[2026-05-22 15:00:27]   frame_0010.png
[2026-05-22 15:00:27]   
[2026-05-22 15:00:27]   /Users/raj030/DATA/gmrt_40_014/work/casa_selfcal/ghpages_products/moon0520/phasecenter/movie_frames_raw_selfcal:
[2026-05-22 15:00:27]   frame_0000.png
[2026-05-22 15:00:27]   frame_0001.png
[2026-05-22 15:00:27]   frame_0002.png
[2026-05-22 15:00:27]   frame_0003.png
[2026-05-22 15:00:27]   frame_0004.png
[2026-05-22 15:00:27]   frame_0005.png
[2026-05-22 15:00:27]   frame_0006.png
[2026-05-22 15:00:27]   frame_0007.png
[2026-05-22 15:00:27]   frame_0008.png
[2026-05-22 15:00:27]   frame_0009.png
[2026-05-22 15:00:27]   frame_0010.png
[2026-05-22 15:00:27]   
[2026-05-22 15:00:27]   /Users/raj030/DATA/gmrt_40_014/work/casa_selfcal/ghpages_products/moon0520/phasecenter/provenance:
[2026-05-22 15:00:27]   run_stack_moon_snapshots_moon0520_phasecenter_noshift_destriped_stack_20260520_133822.cmd
[2026-05-22 15:00:27]   run_stack_moon_snapshots_moon0520_phasecenter_noshift_destriped_stack_20260520_133822.log
[2026-05-22 15:00:27]   run_stack_moon_snapshots_moon0520_phasecenter_noshift_destriped_stack_20260520_154036.cmd
[2026-05-22 15:00:27]   run_stack_moon_snapshots_moon0520_phasecenter_noshift_destriped_stack_20260520_154036.log
[2026-05-22 15:00:27]   run_stack_moon_snapshots_moon0520_phasecenter_noshift_destriped_stack_20260522_104615.cmd
[2026-05-22 15:00:27]   run_stack_moon_snapshots_moon0520_phasecenter_noshift_destriped_stack_20260522_104615.log
[2026-05-22 15:00:27]   
[2026-05-22 15:00:27]   Step 16: 3C468.1 selfcal imaging outputs
[2026-05-22 15:00:27]   /Users/raj030/DATA/gmrt_40_014/work/casa_selfcal/3c468.1_scan05_stk1/3c468p1_int0130/3c468p1_int0130_final.fits
[2026-05-22 15:00:27]   /Users/raj030/DATA/gmrt_40_014/work/casa_selfcal/3c468.1_scan05_stk1/3c468p1_int0131/3c468p1_int0131_final.fits
[2026-05-22 15:00:27]   /Users/raj030/DATA/gmrt_40_014/work/casa_selfcal/3c468.1_scan05_stk1/3c468p1_int0132/3c468p1_int0132_final.fits
[2026-05-22 15:00:27]   /Users/raj030/DATA/gmrt_40_014/work/casa_selfcal/3c468.1_scan05_stk1/3c468p1_int0133/3c468p1_int0133_final.fits
[2026-05-22 15:00:27]   /Users/raj030/DATA/gmrt_40_014/work/casa_selfcal/3c468.1_scan05_stk1/3c468p1_int0134/3c468p1_int0134_final.fits
[2026-05-22 15:00:27]   /Users/raj030/DATA/gmrt_40_014/work/casa_selfcal/3c468.1_scan05_stk1/3c468p1_int0135/3c468p1_int0135_final.fits
[2026-05-22 15:00:27]   /Users/raj030/DATA/gmrt_40_014/work/casa_selfcal/3c468.1_scan05_stk1/3c468p1_int0136/3c468p1_int0136_final.fits
[2026-05-22 15:00:27]   /Users/raj030/DATA/gmrt_40_014/work/casa_selfcal/3c468.1_scan05_stk1/3c468p1_int0137/3c468p1_int0137_final.fits
[2026-05-22 15:00:27]   /Users/raj030/DATA/gmrt_40_014/work/casa_selfcal/3c468.1_scan05_stk1/3c468p1_int0138/3c468p1_int0138_final.fits
[2026-05-22 15:00:27]   /Users/raj030/DATA/gmrt_40_014/work/casa_selfcal/3c468.1_scan05_stk1/3c468p1_int0139/3c468p1_int0139_final.fits
[2026-05-22 15:00:27]   /Users/raj030/DATA/gmrt_40_014/work/casa_selfcal/3c468.1_scan05_stk1/3c468p1_int0140/3c468p1_int0140_final.fits
[2026-05-22 15:00:27]   /Users/raj030/DATA/gmrt_40_014/work/casa_selfcal/3c468.1_scan05_stk1/3c468p1_int0141/3c468p1_int0141_final.fits
[2026-05-22 15:00:27]   /Users/raj030/DATA/gmrt_40_014/work/casa_selfcal/3c468.1_scan05_stk1/3c468p1_int0142/3c468p1_int0142_final.fits
[2026-05-22 15:00:27]   /Users/raj030/DATA/gmrt_40_014/work/casa_selfcal/3c468.1_scan05_stk1/3c468p1_int0143/3c468p1_int0143_final.fits
[2026-05-22 15:00:27]   /Users/raj030/DATA/gmrt_40_014/work/casa_selfcal/3c468.1_scan05_stk1/3c468p1_int0144/3c468p1_int0144_final.fits
[2026-05-22 15:00:27]   /Users/raj030/DATA/gmrt_40_014/work/casa_selfcal/3c468.1_scan05_stk1/3c468p1_int0145/3c468p1_int0145_final.fits
[2026-05-22 15:00:27]   /Users/raj030/DATA/gmrt_40_014/work/casa_selfcal/3c468.1_scan05_stk1/3c468p1_int0146/3c468p1_int0146_final.fits
[2026-05-22 15:00:27]   /Users/raj030/DATA/gmrt_40_014/work/casa_selfcal/3c468.1_scan05_stk1/3c468p1_int0147/3c468p1_int0147_final.fits
[2026-05-22 15:00:27]   /Users/raj030/DATA/gmrt_40_014/work/casa_selfcal/3c468.1_scan05_stk1/3c468p1_int0148/3c468p1_int0148_final.fits
[2026-05-22 15:00:27]   /Users/raj030/DATA/gmrt_40_014/work/casa_selfcal/3c468.1_scan05_stk1/3c468p1_int0149/3c468p1_int0149_final.fits
[2026-05-22 15:00:27]   /Users/raj030/DATA/gmrt_40_014/work/casa_selfcal/3c468.1_scan05_stk1/3c468p1_int0150/3c468p1_int0150_final.fits
[2026-05-22 15:00:27]   /Users/raj030/DATA/gmrt_40_014/work/casa_selfcal/3c468.1_scan05_stk1/3c468p1_int0151/3c468p1_int0151_final.fits
[2026-05-22 15:00:27]   /Users/raj030/DATA/gmrt_40_014/work/casa_selfcal/3c468.1_scan05_stk1/3c468p1_int0152/3c468p1_int0152_final.fits
[2026-05-22 15:00:27]   /Users/raj030/DATA/gmrt_40_014/work/casa_selfcal/3c468.1_scan05_stk1/3c468p1_int0153/3c468p1_int0153_final.fits
[2026-05-22 15:00:27]   /Users/raj030/DATA/gmrt_40_014/work/casa_selfcal/3c468.1_scan05_stk1/3c468p1_int0154/3c468p1_int0154_final.fits
[2026-05-22 15:00:27]   /Users/raj030/DATA/gmrt_40_014/work/casa_selfcal/3c468.1_scan05_stk1/3c468p1_int0155/3c468p1_int0155_final.fits
[2026-05-22 15:00:27]   /Users/raj030/DATA/gmrt_40_014/work/casa_selfcal/3c468.1_scan05_stk1/3c468p1_int0156/3c468p1_int0156_final.fits
[2026-05-22 15:00:27]   /Users/raj030/DATA/gmrt_40_014/work/casa_selfcal/3c468.1_scan05_stk1/3c468p1_int0157/3c468p1_int0157_final.fits
[2026-05-22 15:00:27]   /Users/raj030/DATA/gmrt_40_014/work/casa_selfcal/3c468.1_scan05_stk1/3c468p1_int0158/3c468p1_int0158_final.fits
[2026-05-22 15:00:27]   /Users/raj030/DATA/gmrt_40_014/work/casa_selfcal/3c468.1_scan05_stk1/3c468p1_int0159/3c468p1_int0159_final.fits
[2026-05-22 15:00:27]   /Users/raj030/DATA/gmrt_40_014/work/casa_selfcal/3c468.1_scan05_stk1/3c468p1_int0160/3c468p1_int0160_final.fits
[2026-05-22 15:00:27]   /Users/raj030/DATA/gmrt_40_014/work/casa_selfcal/3c468.1_scan05_stk1/3c468p1_int0161/3c468p1_int0161_final.fits
[2026-05-22 15:00:27]   /Users/raj030/DATA/gmrt_40_014/work/casa_selfcal/3c468.1_scan05_stk1/3c468p1_int0162/3c468p1_int0162_final.fits
[2026-05-22 15:00:27]   /Users/raj030/DATA/gmrt_40_014/work/casa_selfcal/3c468.1_scan05_stk1/3c468p1_int0163/3c468p1_int0163_final.fits
[2026-05-22 15:00:27]   /Users/raj030/DATA/gmrt_40_014/work/casa_selfcal/3c468.1_scan05_stk1/3c468p1_int0164/3c468p1_int0164_final.fits
[2026-05-22 15:00:27]   /Users/raj030/DATA/gmrt_40_014/work/casa_selfcal/3c468.1_scan05_stk1/3c468p1_int0165/3c468p1_int0165_final.fits
[2026-05-22 15:00:27]   /Users/raj030/DATA/gmrt_40_014/work/casa_selfcal/3c468.1_scan05_stk1/3c468p1_int0166/3c468p1_int0166_final.fits
[2026-05-22 15:00:27]   /Users/raj030/DATA/gmrt_40_014/work/casa_selfcal/3c468.1_scan05_stk1/3c468p1_int0167/3c468p1_int0167_final.fits
[2026-05-22 15:00:27]   /Users/raj030/DATA/gmrt_40_014/work/casa_selfcal/3c468.1_scan06_stk1/3c468p1_int0168/3c468p1_int0168_final.fits
[2026-05-22 15:00:27]   /Users/raj030/DATA/gmrt_40_014/work/casa_selfcal/3c468.1_scan06_stk1/3c468p1_int0169/3c468p1_int0169_final.fits
[2026-05-22 15:00:27]   /Users/raj030/DATA/gmrt_40_014/work/casa_selfcal/3c468.1_scan06_stk1/3c468p1_int0170/3c468p1_int0170_final.fits
[2026-05-22 15:00:27]   /Users/raj030/DATA/gmrt_40_014/work/casa_selfcal/3c468.1_scan06_stk1/3c468p1_int0171/3c468p1_int0171_final.fits
[2026-05-22 15:00:27]   /Users/raj030/DATA/gmrt_40_014/work/casa_selfcal/3c468.1_scan06_stk1/3c468p1_int0172/3c468p1_int0172_final.fits
[2026-05-22 15:00:28]   /Users/raj030/DATA/gmrt_40_014/work/casa_selfcal/3c468.1_scan06_stk1/3c468p1_int0173/3c468p1_int0173_final.fits
[2026-05-22 15:00:28]   /Users/raj030/DATA/gmrt_40_014/work/casa_selfcal/3c468.1_scan06_stk1/3c468p1_int0174/3c468p1_int0174_final.fits
[2026-05-22 15:00:28]   /Users/raj030/DATA/gmrt_40_014/work/casa_selfcal/3c468.1_scan06_stk1/3c468p1_int0175/3c468p1_int0175_final.fits
[2026-05-22 15:00:28]   /Users/raj030/DATA/gmrt_40_014/work/casa_selfcal/3c468.1_scan06_stk1/3c468p1_int0176/3c468p1_int0176_final.fits
[2026-05-22 15:00:28]   /Users/raj030/DATA/gmrt_40_014/work/casa_selfcal/3c468.1_scan06_stk1/3c468p1_int0177/3c468p1_int0177_final.fits
[2026-05-22 15:00:28]   /Users/raj030/DATA/gmrt_40_014/work/casa_selfcal/3c468.1_scan06_stk1/3c468p1_int0178/3c468p1_int0178_final.fits
[2026-05-22 15:00:28]   /Users/raj030/DATA/gmrt_40_014/work/casa_selfcal/3c468.1_scan06_stk1/3c468p1_int0179/3c468p1_int0179_final.fits
[2026-05-22 15:00:28]   /Users/raj030/DATA/gmrt_40_014/work/casa_selfcal/3c468.1_scan06_stk1/3c468p1_int0180/3c468p1_int0180_final.fits
[2026-05-22 15:00:28]   /Users/raj030/DATA/gmrt_40_014/work/casa_selfcal/3c468.1_scan06_stk1/3c468p1_int0181/3c468p1_int0181_final.fits
[2026-05-22 15:00:28]   /Users/raj030/DATA/gmrt_40_014/work/casa_selfcal/3c468.1_scan06_stk1/3c468p1_int0182/3c468p1_int0182_final.fits
[2026-05-22 15:00:28]   /Users/raj030/DATA/gmrt_40_014/work/casa_selfcal/3c468.1_scan06_stk1/3c468p1_int0183/3c468p1_int0183_final.fits
[2026-05-22 15:00:28]   /Users/raj030/DATA/gmrt_40_014/work/casa_selfcal/3c468.1_scan06_stk1/3c468p1_int0184/3c468p1_int0184_final.fits
[2026-05-22 15:00:28]   /Users/raj030/DATA/gmrt_40_014/work/casa_selfcal/3c468.1_scan06_stk1/3c468p1_int0185/3c468p1_int0185_final.fits
[2026-05-22 15:00:28]   /Users/raj030/DATA/gmrt_40_014/work/casa_selfcal/3c468.1_scan06_stk1/3c468p1_int0186/3c468p1_int0186_final.fits
[2026-05-22 15:00:28]   /Users/raj030/DATA/gmrt_40_014/work/casa_selfcal/3c468.1_scan06_stk1/3c468p1_int0187/3c468p1_int0187_final.fits
[2026-05-22 15:00:28]   /Users/raj030/DATA/gmrt_40_014/work/casa_selfcal/3c468.1_scan06_stk1/3c468p1_int0188/3c468p1_int0188_final.fits
[2026-05-22 15:00:28]   /Users/raj030/DATA/gmrt_40_014/work/casa_selfcal/3c468.1_scan06_stk1/3c468p1_int0189/3c468p1_int0189_final.fits
[2026-05-22 15:00:28]   /Users/raj030/DATA/gmrt_40_014/work/casa_selfcal/3c468.1_scan06_stk1/3c468p1_int0190/3c468p1_int0190_final.fits
[2026-05-22 15:00:28]   /Users/raj030/DATA/gmrt_40_014/work/casa_selfcal/3c468.1_scan06_stk1/3c468p1_int0191/3c468p1_int0191_final.fits
[2026-05-22 15:00:28]   /Users/raj030/DATA/gmrt_40_014/work/casa_selfcal/3c468.1_scan06_stk1/3c468p1_int0192/3c468p1_int0192_final.fits
[2026-05-22 15:00:28]   /Users/raj030/DATA/gmrt_40_014/work/casa_selfcal/3c468.1_scan06_stk1/3c468p1_int0193/3c468p1_int0193_final.fits
[2026-05-22 15:00:28]   /Users/raj030/DATA/gmrt_40_014/work/casa_selfcal/3c468.1_scan06_stk1/3c468p1_int0194/3c468p1_int0194_final.fits
[2026-05-22 15:00:28]   /Users/raj030/DATA/gmrt_40_014/work/casa_selfcal/3c468.1_scan06_stk1/3c468p1_int0195/3c468p1_int0195_final.fits
[2026-05-22 15:00:28]   /Users/raj030/DATA/gmrt_40_014/work/casa_selfcal/3c468.1_scan06_stk1/3c468p1_int0196/3c468p1_int0196_final.fits
[2026-05-22 15:00:28]   /Users/raj030/DATA/gmrt_40_014/work/casa_selfcal/3c468.1_scan06_stk1/3c468p1_int0197/3c468p1_int0197_final.fits
[2026-05-22 15:00:28]   /Users/raj030/DATA/gmrt_40_014/work/casa_selfcal/3c468.1_scan06_stk1/3c468p1_int0198/3c468p1_int0198_final.fits
[2026-05-22 15:00:28]   /Users/raj030/DATA/gmrt_40_014/work/casa_selfcal/3c468.1_scan06_stk1/3c468p1_int0199/3c468p1_int0199_final.fits
[2026-05-22 15:00:28]   /Users/raj030/DATA/gmrt_40_014/work/casa_selfcal/3c468.1_scan06_stk1/3c468p1_int0200/3c468p1_int0200_final.fits
[2026-05-22 15:00:28]   /Users/raj030/DATA/gmrt_40_014/work/casa_selfcal/3c468.1_scan06_stk1/3c468p1_int0201/3c468p1_int0201_final.fits
[2026-05-22 15:00:28]   /Users/raj030/DATA/gmrt_40_014/work/casa_selfcal/3c468.1_scan06_stk1/3c468p1_int0202/3c468p1_int0202_final.fits
[2026-05-22 15:00:28]   /Users/raj030/DATA/gmrt_40_014/work/casa_selfcal/3c468.1_scan06_stk1/3c468p1_int0203/3c468p1_int0203_final.fits
[2026-05-22 15:00:28]   /Users/raj030/DATA/gmrt_40_014/work/casa_selfcal/3c468.1_scan06_stk1/3c468p1_int0204/3c468p1_int0204_final.fits
[2026-05-22 15:00:28]   /Users/raj030/DATA/gmrt_40_014/work/casa_selfcal/3c468.1_scan06_stk1/3c468p1_int0205/3c468p1_int0205_final.fits
[2026-05-22 15:00:28]   /Users/raj030/DATA/gmrt_40_014/work/casa_selfcal/3c468.1_scan06_stk1/3c468p1_int0206/3c468p1_int0206_final.fits
[2026-05-22 15:00:28]   
[2026-05-22 15:00:28]   Step 17: 3C468.1 post-selfcal artifacts (stack + movie)
[2026-05-22 15:00:28]   /Users/raj030/DATA/gmrt_40_014/work/casa_selfcal/3c468.1_scan05_stk1/3c468.1_stack_mean.fits
[2026-05-22 15:00:28]   /Users/raj030/DATA/gmrt_40_014/work/casa_selfcal/3c468.1_scan06_stk1/3c468.1_stack_mean.fits
[2026-05-22 15:00:28]   /Users/raj030/DATA/gmrt_40_014/work/casa_selfcal/3c468.1_scan05_stk1/3c468.1_selfcal_movie.gif
[2026-05-22 15:00:28]   /Users/raj030/DATA/gmrt_40_014/work/casa_selfcal/3c468.1_scan05_stk1/3c468.1_selfcal_movie.mov
[2026-05-22 15:00:28]   /Users/raj030/DATA/gmrt_40_014/work/casa_selfcal/3c468.1_scan05_stk1/3c468.1_selfcal_movie.mp4
[2026-05-22 15:00:28]   /Users/raj030/DATA/gmrt_40_014/work/casa_selfcal/3c468.1_scan06_stk1/3c468.1_selfcal_movie.gif
[2026-05-22 15:00:28]   /Users/raj030/DATA/gmrt_40_014/work/casa_selfcal/3c468.1_scan06_stk1/3c468.1_selfcal_movie.mov
[2026-05-22 15:00:28]   /Users/raj030/DATA/gmrt_40_014/work/casa_selfcal/3c468.1_scan06_stk1/3c468.1_selfcal_movie.mp4
[2026-05-22 15:00:28] Product manifest file: /Users/raj030/DATA/gmrt_40_014/work/logs/run_gmrt_40_014_products_20260522_150005.txt
