ffmpeg version 7.1.1 Copyright (c) 2000-2025 the FFmpeg developers
  built with Apple clang version 16.0.0 (clang-1600.0.26.6)
  configuration: --prefix=/opt/homebrew/Cellar/ffmpeg/7.1.1_1 --enable-shared --enable-pthreads --enable-version3 --cc=clang --host-cflags= --host-ldflags='-Wl,-ld_classic' --enable-ffplay --enable-gnutls --enable-gpl --enable-libaom --enable-libaribb24 --enable-libbluray --enable-libdav1d --enable-libharfbuzz --enable-libjxl --enable-libmp3lame --enable-libopus --enable-librav1e --enable-librist --enable-librubberband --enable-libsnappy --enable-libsrt --enable-libssh --enable-libsvtav1 --enable-libtesseract --enable-libtheora --enable-libvidstab --enable-libvmaf --enable-libvorbis --enable-libvpx --enable-libwebp --enable-libx264 --enable-libx265 --enable-libxml2 --enable-libxvid --enable-lzma --enable-libfontconfig --enable-libfreetype --enable-frei0r --enable-libass --enable-libopencore-amrnb --enable-libopencore-amrwb --enable-libopenjpeg --enable-libspeex --enable-libsoxr --enable-libzmq --enable-libzimg --disable-libjack --disable-indev=jack --enable-videotoolbox --enable-audiotoolbox --enable-neon
  libavutil      59. 39.100 / 59. 39.100
  libavcodec     61. 19.101 / 61. 19.101
  libavformat    61.  7.100 / 61.  7.100
  libavdevice    61.  3.100 / 61.  3.100
  libavfilter    10.  4.100 / 10.  4.100
  libswscale      8.  3.100 /  8.  3.100
  libswresample   5.  3.100 /  5.  3.100
  libpostproc    58.  3.100 / 58.  3.100
Input #0, image2, from '/Users/raj030/DATA/gmrt_40_014/work/casa_selfcal/3c468.1_scan05_stk1/movie_frames/frame_%04d.png':
  Duration: 00:00:09.50, start: 0.000000, bitrate: N/A
  Stream #0:0: Video: png, rgba(pc, gbr/unknown/unknown), 720x720 [SAR 4724:4724 DAR 1:1], 4 fps, 4 tbr, 4 tbn
Stream mapping:
  Stream #0:0 -> #0:0 (png (native) -> h264 (libx264))
Press [q] to stop, [?] for help
[libx264 @ 0x125823980] using SAR=1/1
[libx264 @ 0x125823980] using cpu capabilities: ARMv8 NEON
[libx264 @ 0x125823980] profile High, level 3.1, 4:2:0, 8-bit
[libx264 @ 0x125823980] 264 - core 164 r3108 31e19f9 - H.264/MPEG-4 AVC codec - Copyleft 2003-2023 - http://www.videolan.org/x264.html - options: cabac=1 ref=3 deblock=1:0:0 analyse=0x3:0x113 me=hex subme=7 psy=1 psy_rd=1.00:0.00 mixed_ref=1 me_range=16 chroma_me=1 trellis=1 8x8dct=1 cqm=0 deadzone=21,11 fast_pskip=1 chroma_qp_offset=-2 threads=21 lookahead_threads=3 sliced_threads=0 nr=0 decimate=1 interlaced=0 bluray_compat=0 constrained_intra=0 bframes=3 b_pyramid=2 b_adapt=1 b_bias=0 direct=1 weightb=1 open_gop=0 weightp=2 keyint=250 keyint_min=4 scenecut=40 intra_refresh=0 rc_lookahead=40 rc=crf mbtree=1 crf=23.0 qcomp=0.60 qpmin=0 qpmax=69 qpstep=4 ip_ratio=1.40 aq=1:1.00
Output #0, mp4, to '/Users/raj030/DATA/gmrt_40_014/work/casa_selfcal/3c468.1_scan05_stk1/3c468.1_selfcal_movie.mp4':
  Metadata:
    encoder         : Lavf61.7.100
  Stream #0:0: Video: h264 (avc1 / 0x31637661), yuv420p(tv, progressive), 720x720 [SAR 1:1 DAR 1:1], q=2-31, 4 fps, 16384 tbn
      Metadata:
        encoder         : Lavc61.19.101 libx264
      Side data:
        cpb: bitrate max/min/avg: 0/0/0 buffer size: 0 vbv_delay: N/A
[out#0/mp4 @ 0x125822930] video:2163KiB audio:0KiB subtitle:0KiB other streams:0KiB global headers:0KiB muxing overhead: 0.061592%
frame=   38 fps=0.0 q=-1.0 Lsize=    2164KiB time=00:00:09.00 bitrate=1969.7kbits/s speed=56.2x    
[libx264 @ 0x125823980] frame I:1     Avg QP:20.05  size:114382
[libx264 @ 0x125823980] frame P:10    Avg QP:20.49  size: 88016
[libx264 @ 0x125823980] frame B:27    Avg QP:22.40  size: 45161
[libx264 @ 0x125823980] consecutive B-frames:  5.3%  0.0%  0.0% 94.7%
[libx264 @ 0x125823980] mb I  I16..4: 14.0% 61.3% 24.6%
[libx264 @ 0x125823980] mb P  I16..4:  0.1% 10.8%  4.1%  P16..4: 13.6% 19.2% 14.0%  0.0%  0.0%    skip:38.2%
[libx264 @ 0x125823980] mb B  I16..4:  0.0%  0.6%  0.4%  B16..8: 17.6% 11.6%  9.7%  direct:21.5%  skip:38.7%  L0:24.7% L1:29.6% BI:45.7%
[libx264 @ 0x125823980] 8x8 transform intra:66.8% inter:88.1%
[libx264 @ 0x125823980] coded y,uvDC,uvAC intra: 84.3% 85.4% 85.1% inter: 56.3% 56.7% 51.7%
[libx264 @ 0x125823980] i16 v,h,dc,p: 72% 13% 15%  1%
[libx264 @ 0x125823980] i8 v,h,dc,ddl,ddr,vr,hd,vl,hu: 11% 11% 10%  1% 22% 14% 21%  4%  6%
[libx264 @ 0x125823980] i4 v,h,dc,ddl,ddr,vr,hd,vl,hu: 19% 10%  6%  2% 22% 16% 16%  4%  5%
[libx264 @ 0x125823980] i8c dc,h,v,p: 78%  7%  6%  8%
[libx264 @ 0x125823980] Weighted P-Frames: Y:0.0% UV:0.0%
[libx264 @ 0x125823980] ref P L0: 41.0% 23.4% 27.5%  8.0%
[libx264 @ 0x125823980] ref B L0: 84.3% 14.5%  1.3%
[libx264 @ 0x125823980] ref B L1: 94.4%  5.6%
[libx264 @ 0x125823980] kb/s:1864.34
ffmpeg version 7.1.1 Copyright (c) 2000-2025 the FFmpeg developers
  built with Apple clang version 16.0.0 (clang-1600.0.26.6)
  configuration: --prefix=/opt/homebrew/Cellar/ffmpeg/7.1.1_1 --enable-shared --enable-pthreads --enable-version3 --cc=clang --host-cflags= --host-ldflags='-Wl,-ld_classic' --enable-ffplay --enable-gnutls --enable-gpl --enable-libaom --enable-libaribb24 --enable-libbluray --enable-libdav1d --enable-libharfbuzz --enable-libjxl --enable-libmp3lame --enable-libopus --enable-librav1e --enable-librist --enable-librubberband --enable-libsnappy --enable-libsrt --enable-libssh --enable-libsvtav1 --enable-libtesseract --enable-libtheora --enable-libvidstab --enable-libvmaf --enable-libvorbis --enable-libvpx --enable-libwebp --enable-libx264 --enable-libx265 --enable-libxml2 --enable-libxvid --enable-lzma --enable-libfontconfig --enable-libfreetype --enable-frei0r --enable-libass --enable-libopencore-amrnb --enable-libopencore-amrwb --enable-libopenjpeg --enable-libspeex --enable-libsoxr --enable-libzmq --enable-libzimg --disable-libjack --disable-indev=jack --enable-videotoolbox --enable-audiotoolbox --enable-neon
  libavutil      59. 39.100 / 59. 39.100
  libavcodec     61. 19.101 / 61. 19.101
  libavformat    61.  7.100 / 61.  7.100
  libavdevice    61.  3.100 / 61.  3.100
  libavfilter    10.  4.100 / 10.  4.100
  libswscale      8.  3.100 /  8.  3.100
  libswresample   5.  3.100 /  5.  3.100
  libpostproc    58.  3.100 / 58.  3.100
Input #0, image2, from '/Users/raj030/DATA/gmrt_40_014/work/casa_selfcal/3c468.1_scan05_stk1/movie_frames/frame_%04d.png':
  Duration: 00:00:09.50, start: 0.000000, bitrate: N/A
  Stream #0:0: Video: png, rgba(pc, gbr/unknown/unknown), 720x720 [SAR 4724:4724 DAR 1:1], 4 fps, 4 tbr, 4 tbn
Stream mapping:
  Stream #0:0 -> #0:0 (png (native) -> png (native))
Press [q] to stop, [?] for help
[Parsed_palettegen_1 @ 0x109b05330] 255(+1) colors generated out of 68647 colors; ratio=0.003715
Output #0, image2, to '/Users/raj030/DATA/gmrt_40_014/work/casa_selfcal/3c468.1_scan05_stk1/movie_frames/palette.png':
  Metadata:
    encoder         : Lavf61.7.100
  Stream #0:0: Video: png, rgba(pc, gbr/unknown/unknown, progressive), 16x16 [SAR 1:1 DAR 1:1], q=2-31, 200 kb/s, 4 fps, 4 tbn
      Metadata:
        encoder         : Lavc61.19.101 png
[image2 @ 0x154632100] The specified filename '/Users/raj030/DATA/gmrt_40_014/work/casa_selfcal/3c468.1_scan05_stk1/movie_frames/palette.png' does not contain an image sequence pattern or a pattern is invalid.
[image2 @ 0x154632100] Use a pattern such as %03d for an image sequence or use the -update option (with -frames:v 1 if needed) to write a single image.
[out#0/image2 @ 0x154632040] video:1KiB audio:0KiB subtitle:0KiB other streams:0KiB global headers:0KiB muxing overhead: unknown
frame=    1 fps=0.0 q=-0.0 Lsize=N/A time=00:00:00.25 bitrate=N/A speed=2.78x    
ffmpeg version 7.1.1 Copyright (c) 2000-2025 the FFmpeg developers
  built with Apple clang version 16.0.0 (clang-1600.0.26.6)
  configuration: --prefix=/opt/homebrew/Cellar/ffmpeg/7.1.1_1 --enable-shared --enable-pthreads --enable-version3 --cc=clang --host-cflags= --host-ldflags='-Wl,-ld_classic' --enable-ffplay --enable-gnutls --enable-gpl --enable-libaom --enable-libaribb24 --enable-libbluray --enable-libdav1d --enable-libharfbuzz --enable-libjxl --enable-libmp3lame --enable-libopus --enable-librav1e --enable-librist --enable-librubberband --enable-libsnappy --enable-libsrt --enable-libssh --enable-libsvtav1 --enable-libtesseract --enable-libtheora --enable-libvidstab --enable-libvmaf --enable-libvorbis --enable-libvpx --enable-libwebp --enable-libx264 --enable-libx265 --enable-libxml2 --enable-libxvid --enable-lzma --enable-libfontconfig --enable-libfreetype --enable-frei0r --enable-libass --enable-libopencore-amrnb --enable-libopencore-amrwb --enable-libopenjpeg --enable-libspeex --enable-libsoxr --enable-libzmq --enable-libzimg --disable-libjack --disable-indev=jack --enable-videotoolbox --enable-audiotoolbox --enable-neon
  libavutil      59. 39.100 / 59. 39.100
  libavcodec     61. 19.101 / 61. 19.101
  libavformat    61.  7.100 / 61.  7.100
  libavdevice    61.  3.100 / 61.  3.100
  libavfilter    10.  4.100 / 10.  4.100
  libswscale      8.  3.100 /  8.  3.100
  libswresample   5.  3.100 /  5.  3.100
  libpostproc    58.  3.100 / 58.  3.100
Input #0, image2, from '/Users/raj030/DATA/gmrt_40_014/work/casa_selfcal/3c468.1_scan05_stk1/movie_frames/frame_%04d.png':
  Duration: 00:00:09.50, start: 0.000000, bitrate: N/A
  Stream #0:0: Video: png, rgba(pc, gbr/unknown/unknown), 720x720 [SAR 4724:4724 DAR 1:1], 4 fps, 4 tbr, 4 tbn
Input #1, png_pipe, from '/Users/raj030/DATA/gmrt_40_014/work/casa_selfcal/3c468.1_scan05_stk1/movie_frames/palette.png':
  Duration: N/A, bitrate: N/A
  Stream #1:0: Video: png, rgba(pc, gbr/unknown/unknown), 16x16 [SAR 1:1 DAR 1:1], 25 fps, 25 tbr, 25 tbn
Stream mapping:
  Stream #0:0 (png) -> fps:default
  Stream #1:0 (png) -> paletteuse
  paletteuse:default -> Stream #0:0 (gif)
Press [q] to stop, [?] for help
Output #0, gif, to '/Users/raj030/DATA/gmrt_40_014/work/casa_selfcal/3c468.1_scan05_stk1/3c468.1_selfcal_movie.gif':
  Metadata:
    encoder         : Lavf61.7.100
  Stream #0:0: Video: gif, pal8(pc, gbr/unknown/unknown, progressive), 720x720 [SAR 1:1 DAR 1:1], q=2-31, 200 kb/s, 4 fps, 100 tbn
      Metadata:
        encoder         : Lavc61.19.101 gif
[out#0/gif @ 0x12c904820] video:11637KiB audio:0KiB subtitle:0KiB other streams:0KiB global headers:0KiB muxing overhead: 0.000168%
frame=   38 fps=0.0 q=-0.0 Lsize=   11637KiB time=00:00:09.50 bitrate=10035.1kbits/s speed=19.2x    
ffmpeg version 7.1.1 Copyright (c) 2000-2025 the FFmpeg developers
  built with Apple clang version 16.0.0 (clang-1600.0.26.6)
  configuration: --prefix=/opt/homebrew/Cellar/ffmpeg/7.1.1_1 --enable-shared --enable-pthreads --enable-version3 --cc=clang --host-cflags= --host-ldflags='-Wl,-ld_classic' --enable-ffplay --enable-gnutls --enable-gpl --enable-libaom --enable-libaribb24 --enable-libbluray --enable-libdav1d --enable-libharfbuzz --enable-libjxl --enable-libmp3lame --enable-libopus --enable-librav1e --enable-librist --enable-librubberband --enable-libsnappy --enable-libsrt --enable-libssh --enable-libsvtav1 --enable-libtesseract --enable-libtheora --enable-libvidstab --enable-libvmaf --enable-libvorbis --enable-libvpx --enable-libwebp --enable-libx264 --enable-libx265 --enable-libxml2 --enable-libxvid --enable-lzma --enable-libfontconfig --enable-libfreetype --enable-frei0r --enable-libass --enable-libopencore-amrnb --enable-libopencore-amrwb --enable-libopenjpeg --enable-libspeex --enable-libsoxr --enable-libzmq --enable-libzimg --disable-libjack --disable-indev=jack --enable-videotoolbox --enable-audiotoolbox --enable-neon
  libavutil      59. 39.100 / 59. 39.100
  libavcodec     61. 19.101 / 61. 19.101
  libavformat    61.  7.100 / 61.  7.100
  libavdevice    61.  3.100 / 61.  3.100
  libavfilter    10.  4.100 / 10.  4.100
  libswscale      8.  3.100 /  8.  3.100
  libswresample   5.  3.100 /  5.  3.100
  libpostproc    58.  3.100 / 58.  3.100
Input #0, image2, from '/Users/raj030/DATA/gmrt_40_014/work/casa_selfcal/3c468.1_scan05_stk1/movie_frames/frame_%04d.png':
  Duration: 00:00:09.50, start: 0.000000, bitrate: N/A
  Stream #0:0: Video: png, rgba(pc, gbr/unknown/unknown), 720x720 [SAR 4724:4724 DAR 1:1], 4 fps, 4 tbr, 4 tbn
Stream mapping:
  Stream #0:0 -> #0:0 (png (native) -> prores (prores_ks))
Press [q] to stop, [?] for help
Output #0, mov, to '/Users/raj030/DATA/gmrt_40_014/work/casa_selfcal/3c468.1_scan05_stk1/3c468.1_selfcal_movie.mov':
  Metadata:
    encoder         : Lavf61.7.100
  Stream #0:0: Video: prores (HQ) (apch / 0x68637061), yuv422p10le(tv, progressive), 720x720 [SAR 1:1 DAR 1:1], q=2-31, 200 kb/s, 4 fps, 16384 tbn
      Metadata:
        encoder         : Lavc61.19.101 prores_ks
[out#0/mov @ 0x132804f60] video:8469KiB audio:0KiB subtitle:0KiB other streams:0KiB global headers:0KiB muxing overhead: 0.010851%
frame=   38 fps=0.0 q=-0.0 Lsize=    8470KiB time=00:00:09.50 bitrate=7303.6kbits/s speed=48.7x    
[moon-selfcal-movie] selfcal_dir : /Users/raj030/DATA/gmrt_40_014/work/casa_selfcal/3c468.1_scan05_stk1
[moon-selfcal-movie] frames     : 38
[moon-selfcal-movie] frames_dir : /Users/raj030/DATA/gmrt_40_014/work/casa_selfcal/3c468.1_scan05_stk1/movie_frames
[moon-selfcal-movie] scale      : vmin=-0.122405, vmax=0.223787
[moon-selfcal-movie] out_mp4    : /Users/raj030/DATA/gmrt_40_014/work/casa_selfcal/3c468.1_scan05_stk1/3c468.1_selfcal_movie.mp4
[moon-selfcal-movie] out_gif    : /Users/raj030/DATA/gmrt_40_014/work/casa_selfcal/3c468.1_scan05_stk1/3c468.1_selfcal_movie.gif
[moon-selfcal-movie] out_mov    : /Users/raj030/DATA/gmrt_40_014/work/casa_selfcal/3c468.1_scan05_stk1/3c468.1_selfcal_movie.mov
[moon-selfcal-movie] done. duration≈9.50s
